
Running 61 tests for test/golden/ERC1155MockTest.t.sol:ERC1155MockTest
[PASS] testBalanceOfBatchNotRevert(uint256[3]) (runs: 256, μ: 40104, ~: 39960)
[PASS] testBalanceOfBatchReturnsCorrectBalances(uint256,uint256,uint256,uint256) (runs: 256, μ: 336096, ~: 337355)
[PASS] testBalanceOfBatchUnequalArrayLengthsReverts(uint256,uint256) (runs: 256, μ: 17567, ~: 17567)
[PASS] testBalanceOfNotRevert(uint256) (runs: 256, μ: 21926, ~: 21680)
[PASS] testBalanceOfReturnsCorrectNonZeroBalance(uint256,uint256) (runs: 256, μ: 168654, ~: 169606)
[PASS] testBalanceOfReturnsCorrectZeroBalance(uint256) (runs: 256, μ: 10334, ~: 10334)
[PASS] testIsApprovedForAllNotRevert() (gas: 18184)
[PASS] testIsApprovedForAllReturnsCorrectApprovalStatus(bool) (runs: 256, μ: 26372, ~: 20076)
[PASS] testSafeBatchTransferFromAllZeroAmountsToContractEventEmission(uint256[3],uint256[3],bytes) (runs: 256, μ: 803529, ~: 805422)
[PASS] testSafeBatchTransferFromAllZeroAmountsToEoaEventEmission(uint256[3],uint256[3],bytes) (runs: 256, μ: 526499, ~: 528602)
[PASS] testSafeBatchTransferFromCompletesWhenCorrectContractReceiverReturn(uint256[3],uint256[3],bytes) (runs: 256, μ: 844122, ~: 847199)
[PASS] testSafeBatchTransferFromIncreaseContractReceiverBalancesAsExpected(uint256[3],uint256[3],bytes) (runs: 256, μ: 847416, ~: 850774)
[PASS] testSafeBatchTransferFromIncreaseEoaReceiverBalancesAsExpected(uint256[3],uint256[3],bytes) (runs: 256, μ: 570935, ~: 573969)
[PASS] testSafeBatchTransferFromInsufficientBalancesReverts(uint256,uint256,uint256[3],uint256[3],bytes) (runs: 256, μ: 528094, ~: 531324)
[PASS] testSafeBatchTransferFromPositiveAmountsToContractEventEmission(uint256[3],uint256[3],bytes) (runs: 256, μ: 852414, ~: 854307)
[PASS] testSafeBatchTransferFromPositiveAmountsToEoaEventEmission(uint256[3],uint256[3],bytes) (runs: 256, μ: 575588, ~: 577567)
[FAIL. Reason: stdStorage find(StdStorage): No storage use detected for target. Counterexample: calldata=0x4f19e0c700000000000000000000000000000000000000000000000000000000000000000000000000000000000000000000000000000000000000000000000000000001000000000000000000000000000000000000000000000000000000000000000200000000000000000000000000000000000000000000000000000000000000000000000000000000000000000000000000000000000000000000000000000000000000000000000000000000000000000000000000000000000000000000000000000000000000000000000000000000000000000000000000000000000000e00000000000000000000000000000000000000000000000000000000000000000, args=[[0, 1, 2], [0, 0, 0], 0x]] testSafeBatchTransferFromRevertsIfFromIsZeroAddress(uint256[3],uint256[3],bytes) (runs: 0, μ: 0, ~: 0)
[PASS] testSafeBatchTransferFromRevertsWhenContractReceiverThrowsError(uint256[3],uint256[3],bytes) (runs: 256, μ: 840410, ~: 843239)
[PASS] testSafeBatchTransferFromRevertsWhenIncorrectContractReceiverReturn(uint256[3],uint256[3],bytes,bytes4) (runs: 256, μ: 845779, ~: 847789)
[PASS] testSafeBatchTransferFromRevertsWhenNoApproval(uint256[3],uint256[3],bytes) (runs: 256, μ: 491019, ~: 492993)
[PASS] testSafeBatchTransferFromSomeZeroAmountToContractEventEmission(uint256,uint256[3],uint256[3],bytes) (runs: 256, μ: 838030, ~: 840462)
[PASS] testSafeBatchTransferFromSomeZeroAmountToEoaEventEmission(uint256,uint256[3],uint256[3],bytes) (runs: 256, μ: 560960, ~: 563640)
[PASS] testSafeBatchTransferFromSucceedsWhenApproval(uint256[3],uint256[3],bytes) (runs: 256, μ: 567487, ~: 570520)
[PASS] testSafeBatchTransferFromToContractDecreaseOwnerBalancesAsExpected(uint256[3],uint256[3],bytes) (runs: 256, μ: 848026, ~: 850961)
[PASS] testSafeBatchTransferFromToEoaDecreaseOwnerBalancesAsExpected(uint256[3],uint256[3],bytes) (runs: 256, μ: 571135, ~: 574169)
[PASS] testSafeBatchTransferFromToZeroAddressReverts(uint256[3],uint256[3],bytes) (runs: 256, μ: 505255, ~: 507229)
[PASS] testSafeBatchTransferFromUnequalArrayLengthsReverts(uint256[3],uint256[3],bytes) (runs: 256, μ: 506549, ~: 508523)
[PASS] testSafeTransferFromCompletesWhenCorrectContractReceiverReturn(uint256,uint256,uint256,bytes) (runs: 256, μ: 521633, ~: 523130)
[PASS] testSafeTransferFromIncreaseContractReceiverBalanceAsExpected(uint256,uint256,uint256,bytes) (runs: 256, μ: 523031, ~: 524528)
[FAIL. Reason: Assertion failed. Counterexample: calldata=0x994f610b00000000000000000000000000000000000000000000000000000000000000000000000000000000000000000000000000000000000000000000000000000002000000000000000000000000000000000000000000000000000000000000000000000000000000000000000000000000000000000000000000000000000000800000000000000000000000000000000000000000000000000000000000000000, args=[0, 2, 0, 0x]] testSafeTransferFromIncreaseContractReceiverBalanceGtExpected(uint256,uint256,uint256,bytes) (runs: 0, μ: 0, ~: 0)
[FAIL. Reason: Assertion failed. Counterexample: calldata=0x65c32e1500000000000000000000000000000000000000000000000000000000000000000000000000000000000000000000000000000000000000000000000000000002000000000000000000000000000000000000000000000000000000000000000000000000000000000000000000000000000000000000000000000000000000800000000000000000000000000000000000000000000000000000000000000000, args=[0, 2, 0, 0x]] testSafeTransferFromIncreaseContractReceiverBalanceLtExpected(uint256,uint256,uint256,bytes) (runs: 0, μ: 0, ~: 0)
[PASS] testSafeTransferFromIncreaseEoaReceiverBalanceAsExpected(uint256,uint256,uint256,uint256,bytes) (runs: 256, μ: 354288, ~: 355364)
[FAIL. Reason: Assertion failed. Counterexample: calldata=0xe2cc7ba300000000000000000000000000000000000000000000000000000000000048560000000000000000000000000000000000000000000000000000000000003a93000000000000000000000000000000000000000000000000000000000000577b000000000000000000000000000000000000000000000000000000000000275a00000000000000000000000000000000000000000000000000000000000000a000000000000000000000000000000000000000000000000000000000000000200000000000000000000000000000000000000000000000000000000000004203, args=[18518 [1.851e4], 14995 [1.499e4], 22395 [2.239e4], 10074 [1.007e4], 0x0000000000000000000000000000000000000000000000000000000000004203]] testSafeTransferFromIncreaseEoaReceiverBalanceGtExpected(uint256,uint256,uint256,uint256,bytes) (runs: 0, μ: 0, ~: 0)
[FAIL. Reason: Assertion failed. Counterexample: calldata=0x44934eea00000000000000000000000000000000000000000000000000000000000048560000000000000000000000000000000000000000000000000000000000003a93000000000000000000000000000000000000000000000000000000000000577b0000000000000000000000000000000000000000000000000000000000000c6400000000000000000000000000000000000000000000000000000000000000a000000000000000000000000000000000000000000000000000000000000000200000000000000000000000000000000000000000000000000000000000004203, args=[18518 [1.851e4], 14995 [1.499e4], 22395 [2.239e4], 3172, 0x0000000000000000000000000000000000000000000000000000000000004203]] testSafeTransferFromIncreaseEoaReceiverBalanceLtExpected(uint256,uint256,uint256,uint256,bytes) (runs: 0, μ: 0, ~: 0)
[PASS] testSafeTransferFromPositiveAmountToContractEventEmission(uint256,uint256,uint256,bytes) (runs: 256, μ: 526193, ~: 526529)
[PASS] testSafeTransferFromPositiveAmountToEoaEventEmission(uint256,uint256,uint256,bytes) (runs: 256, μ: 221537, ~: 222424)
[FAIL. Reason: stdStorage find(StdStorage): No storage use detected for target. Counterexample: calldata=0x9b68df4100000000000000000000000000000000000000000000000000000000000056e800000000000000000000000000000000000000000000000000000000000033070000000000000000000000000000000000000000000000000000000000000c9800000000000000000000000000000000000000000000000000000000000000800000000000000000000000000000000000000000000000000000000000000020000000000000000000000000000000000000000000000000000000000000436e, args=[22248 [2.224e4], 13063 [1.306e4], 3224, 0x000000000000000000000000000000000000000000000000000000000000436e]] testSafeTransferFromRevertsIfFromIsZeroAddress(uint256,uint256,uint256,bytes) (runs: 0, μ: 0, ~: 0)
[PASS] testSafeTransferFromRevertsWhenContractReceiverThrowsError(uint256,uint256,uint256,bytes) (runs: 256, μ: 519324, ~: 520489)
[PASS] testSafeTransferFromRevertsWhenIncorrectContractReceiverReturn(uint256,uint256,uint256,bytes,bytes4) (runs: 256, μ: 522624, ~: 523825)
[PASS] testSafeTransferFromRevertsWhenInsufficientBalance(uint256,uint256,uint256,bytes) (runs: 256, μ: 196838, ~: 197718)
[PASS] testSafeTransferFromRevertsWhenNoApproval(uint256,uint256,uint256,bytes) (runs: 256, μ: 180279, ~: 181163)
[PASS] testSafeTransferFromSucceedsWhenApproval(uint256,uint256,uint256,bytes) (runs: 256, μ: 217927, ~: 219681)
[PASS] testSafeTransferFromToContractDecreaseOwnerBalanceAsExpected(uint256,uint256,uint256,bytes) (runs: 256, μ: 523186, ~: 524686)
[FAIL. Reason: Assertion failed. Counterexample: calldata=0x498e824a00000000000000000000000000000000000000000000000000000000000000000000000000000000000000000000000000000000000000000000000000000002000000000000000000000000000000000000000000000000000000000000000000000000000000000000000000000000000000000000000000000000000000800000000000000000000000000000000000000000000000000000000000000000, args=[0, 2, 0, 0x]] testSafeTransferFromToContractDecreaseOwnerBalanceGtExpected(uint256,uint256,uint256,bytes) (runs: 0, μ: 0, ~: 0)
[FAIL. Reason: Assertion failed. Counterexample: calldata=0xebf5cae600000000000000000000000000000000000000000000000000000000000000000000000000000000000000000000000000000000000000000000000000000002000000000000000000000000000000000000000000000000000000000000000000000000000000000000000000000000000000000000000000000000000000800000000000000000000000000000000000000000000000000000000000000000, args=[0, 2, 0, 0x]] testSafeTransferFromToContractDecreaseOwnerBalanceLtExpected(uint256,uint256,uint256,bytes) (runs: 0, μ: 0, ~: 0)
[PASS] testSafeTransferFromToEoaDecreaseOwnerBalanceAsExpected(uint256,uint256,uint256,bytes) (runs: 256, μ: 219151, ~: 220906)
[FAIL. Reason: Assertion failed. Counterexample: calldata=0x85401eab00000000000000000000000000000000000000000000000000000000000000000000000000000000000000000000000000000000000000000000000000000002000000000000000000000000000000000000000000000000000000000000000000000000000000000000000000000000000000000000000000000000000000800000000000000000000000000000000000000000000000000000000000000000, args=[0, 2, 0, 0x]] testSafeTransferFromToEoaDecreaseOwnerBalanceGtExpected(uint256,uint256,uint256,bytes) (runs: 0, μ: 0, ~: 0)
[FAIL. Reason: Assertion failed. Counterexample: calldata=0x9cd8d3f000000000000000000000000000000000000000000000000000000000000000000000000000000000000000000000000000000000000000000000000000000002000000000000000000000000000000000000000000000000000000000000000000000000000000000000000000000000000000000000000000000000000000800000000000000000000000000000000000000000000000000000000000000000, args=[0, 2, 0, 0x]] testSafeTransferFromToEoaDecreaseOwnerBalanceLtExpected(uint256,uint256,uint256,bytes) (runs: 0, μ: 0, ~: 0)
[PASS] testSafeTransferFromToZeroAddressReverts(uint256,uint256,uint256,bytes) (runs: 256, μ: 194482, ~: 195365)
[PASS] testSafeTransferFromZeroAmountToContractEventEmission(uint256,uint256,bytes) (runs: 256, μ: 506051, ~: 505880)
[PASS] testSafeTransferFromZeroAmountToEoaEventEmission(uint256,uint256,bytes) (runs: 256, μ: 204738, ~: 205910)
[PASS] testSelfSafeBatchTransferFromSelfToSelfDoNotChangeOwnerBalances(uint256[3],uint256[3],bytes) (runs: 256, μ: 539541, ~: 542257)
[PASS] testSelfSafeBatchTransferFromWithoutApproval(uint256[3],uint256[3],bytes) (runs: 256, μ: 546803, ~: 549780)
[FAIL. Reason: Assertion failed. Counterexample: calldata=0x6266038700000000000000000000000000000000000000000000000000000000000000000000000000000000000000000000000000000000000000000000000000000002000000000000000000000000000000000000000000000000000000000000000000000000000000000000000000000000000000000000000000000000000000800000000000000000000000000000000000000000000000000000000000000000, args=[0, 2, 0, 0x]] testSelfSafeTransferFromSelfToSelfDecreasesOwnerBalance(uint256,uint256,uint256,bytes) (runs: 0, μ: 0, ~: 0)
[PASS] testSelfSafeTransferFromSelfToSelfDoesNotChangeOwnerBalance(uint256,uint256,uint256,bytes) (runs: 256, μ: 175560, ~: 176136)
[FAIL. Reason: Assertion failed. Counterexample: calldata=0x8bde2f2700000000000000000000000000000000000000000000000000000000000000000000000000000000000000000000000000000000000000000000000000000002000000000000000000000000000000000000000000000000000000000000000000000000000000000000000000000000000000000000000000000000000000800000000000000000000000000000000000000000000000000000000000000000, args=[0, 2, 0, 0x]] testSelfSafeTransferFromSelfToSelfIncreasesOwnerBalance(uint256,uint256,uint256,bytes) (runs: 0, μ: 0, ~: 0)
[PASS] testSelfSafeTransferFromWithoutApproval(uint256,uint256,uint256,bytes) (runs: 256, μ: 197147, ~: 198962)
[PASS] testSetApprovalForAllEventEmission(bool) (runs: 256, μ: 26962, ~: 20666)
[PASS] testSetApprovalForAllNotRevert(bool) (runs: 256, μ: 24669, ~: 18373)
[FAIL. Reason: Assertion failed. Counterexample: calldata=0x016eeea00000000000000000000000000000000000000000000000000000000000000000, args=[false]] testSetApprovalForAllRevertsIfOperatorIsZeroAddress(bool) (runs: 0, μ: 0, ~: 0)
[PASS] testSupportsInterfaceReturnsTrueWhenRequired() (gas: 5824)
Test result: FAILED. 48 passed; 13 failed; 0 skipped; finished in 1.15s
Ran 1 test suites: 48 tests passed, 13 failed, 0 skipped (61 total tests)
