
Running 129 tests for test/golden/ERC20MockTest.t.sol:ERC20MockTest
[PASS] testAddressZeroHasNoToken() (gas: 7925)
[SKIP] testBalanceDoesNotOverflowByMinting(uint256) (gas: 0)
[PASS] testBalanceOfCaller(uint256,uint256) (runs: 256, μ: 433345, ~: 433358)
[PASS] testBalanceOfNonCaller(uint256,uint256) (runs: 256, μ: 433389, ~: 433403)
[SKIP] testBatchTransferDoesNotOverflow(uint256,uint256) (gas: 0)
[SKIP] testBatchTransferDoesNotOverflowByContractOwner(uint256) (gas: 0)
[FAIL. Reason: Assertion failed. Counterexample: calldata=0x55d76f94000000000000000000000000000000000000000000000000000000000000118700000000000000000000000000000000000000000000000000000000491cc7c30000000000000000000000000000000000000000000000000000000000002a04, args=[4487, 1226622915 [1.226e9], 10756 [1.075e4]]] testBurningFromUpdatesAllowance(uint256,uint256,uint256) (runs: 0, μ: 0, ~: 0)
[PASS] testBurningFromUpdatesBalance(uint256,uint256,uint256) (runs: 256, μ: 466372, ~: 466396)
[PASS] testBurningFromUpdatesTotalSupply(uint256,uint256,uint256) (runs: 256, μ: 464795, ~: 464819)
[PASS] testBurningFromZeroTokenDoesNotUpdateAllowance(uint256,uint256) (runs: 256, μ: 462234, ~: 462860)
[PASS] testBurningFromZeroTokenDoesNotUpdateBalances(uint256,uint256) (runs: 256, μ: 464770, ~: 465396)
[PASS] testBurningFromZeroTokenDoesNotUpdateTotalSupply(uint256,uint256) (runs: 256, μ: 462233, ~: 462858)
[SKIP] testBurningUpdatesBalance(uint256,uint256) (gas: 0)
[SKIP] testBurningUpdatesTotalSupply(uint256,uint256) (gas: 0)
[SKIP] testBurningZeroTokenDoesNotUpdateBalance(uint256) (gas: 0)
[SKIP] testBurningZeroTokenDoesNotUpdateTotalSupply(uint256) (gas: 0)
[PASS] testCanApproveMoreThanBalance(uint256,uint256) (runs: 256, μ: 455111, ~: 455124)
[PASS] testCannotApprovePositiveAmountToZeroAddress(uint256) (runs: 256, μ: 13075, ~: 13075)
[PASS] testCannotTransferFromMoreThanAllowanceLowerThanBalance(uint256,uint256,uint256,uint256) (runs: 256, μ: 459144, ~: 459167)
[PASS] testCannotTransferFromMoreThanBalanceButLowerThanAllowance(uint256,uint256,uint256,uint256) (runs: 256, μ: 461942, ~: 462138)
[PASS] testCannotTransferMoreThanBalance(uint256,uint256,uint256) (runs: 256, μ: 435908, ~: 435916)
[PASS] testCorrectOverwriteApprovePositiveToPositive(uint256,uint256) (runs: 256, μ: 48684, ~: 48684)
[PASS] testCorrectOverwriteApprovePositiveToZero(uint256) (runs: 256, μ: 34494, ~: 34515)
[PASS] testCorrectOverwriteApproveZeroToPositive(uint256) (runs: 256, μ: 48491, ~: 48491)
[PASS] testCorrectOverwriteApproveZeroToZero() (gas: 28114)
[PASS] testDealIntendedTokensToDummyUsers(uint256,uint256) (runs: 256, μ: 433645, ~: 433658)
[PASS] testDecreaseAllowanceAsExpected(uint256,uint256,uint256) (runs: 256, μ: 462446, ~: 462469)
[PASS] testDecreaseAllowanceBehaviorExact(uint256,uint256,uint256,uint256) (runs: 256, μ: 455077, ~: 455708)
[FAIL. Reason: Assertion failed. Counterexample: calldata=0xf0d32b1a0000000000000000000000000000000000000000000000000000000000000000000000000000000000000000000000000000000000000000000000000000000100000000000000000000000000000000000000000000000000000000000000000000000000000000000000000000000000000000000000000000000000000000, args=[0, 1, 0, 0]] testDecreaseAllowanceBehaviorInexact(uint256,uint256,uint256,uint256) (runs: 0, μ: 0, ~: 0)
[PASS] testDecreaseAllowanceDoubleSpend(uint256,uint256,uint256,uint256,uint256) (runs: 256, μ: 471445, ~: 471474)
[FAIL. Reason: Assertion failed. Counterexample: calldata=0x1389a004000000000000000000000000000000000000000000000000000000000000118700000000000000000000000000000000000000000000000000000000491cc7c30000000000000000000000000000000000000000000000000000000000002a04, args=[4487, 1226622915 [1.226e9], 10756 [1.075e4]]] testDecreaseAllowanceGtExpected(uint256,uint256,uint256) (runs: 0, μ: 0, ~: 0)
[FAIL. Reason: Assertion failed. Counterexample: calldata=0xb86e5106000000000000000000000000000000000000000000000000000000000000118700000000000000000000000000000000000000000000000000000000491cc7c30000000000000000000000000000000000000000000000000000000000002a04, args=[4487, 1226622915 [1.226e9], 10756 [1.075e4]]] testDecreaseAllowanceLtExpected(uint256,uint256,uint256) (runs: 0, μ: 0, ~: 0)
[PASS] testFeeTakingTransferFromPotential(uint256[2],uint256,uint256,uint256) (runs: 256, μ: 470518, ~: 469978)
[PASS] testFeeTakingTransferFromPresent(uint256,uint256,uint256) (runs: 256, μ: 466970, ~: 466556)
[PASS] testFeeTakingTransferPotential(uint256[2],uint256,uint256,uint256) (runs: 256, μ: 446098, ~: 445560)
[PASS] testFeeTakingTransferPresent(uint256,uint256,uint256) (runs: 256, μ: 442569, ~: 442152)
[PASS] testIncreaseAllowanceAsExpected(uint256,uint256,uint256) (runs: 256, μ: 461084, ~: 461097)
[PASS] testIncreaseAllowanceDoubleSpend(uint256,uint256,uint256) (runs: 256, μ: 492619, ~: 486972)
[FAIL. Reason: Assertion failed. Counterexample: calldata=0xc8cb6dcc0000000000000000000000000000000000000000000000000000000000002e6300000000000000000000000000000000000000000000000000000000a8a8a7390000000000000000000000000000000000000000000000000000000000004827, args=[11875 [1.187e4], 2829625145 [2.829e9], 18471 [1.847e4]]] testIncreaseAllowanceGtExpected(uint256,uint256,uint256) (runs: 0, μ: 0, ~: 0)
[FAIL. Reason: Assertion failed. Counterexample: calldata=0x8916ec9b0000000000000000000000000000000000000000000000000000000000002e6300000000000000000000000000000000000000000000000000000000a8a8a7390000000000000000000000000000000000000000000000000000000000004827, args=[11875 [1.187e4], 2829625145 [2.829e9], 18471 [1.847e4]]] testIncreaseAllowanceLtExpected(uint256,uint256,uint256) (runs: 0, μ: 0, ~: 0)
[PASS] testInfiniteApprovalConstant(uint256,uint256,uint256) (runs: 256, μ: 481463, ~: 482474)
[FAIL. Reason: Assertion failed. Counterexample: calldata=0x374fe12f000000000000000000000000000000000000000000000000000000000000118700000000000000000000000000000000000000000000000000000000491cc7c30000000000000000000000000000000000000000000000000000000000002a04, args=[4487, 1226622915 [1.226e9], 10756 [1.075e4]]] testInfiniteApprovalNotConstant(uint256,uint256,uint256) (runs: 0, μ: 0, ~: 0)
[SKIP] testMaintainsApprovalLowerThanBalance(uint256,uint256,uint256) (gas: 0)
[SKIP] testMintingToZeroAddressShouldFail(uint256) (gas: 0)
[SKIP] testMintingUpdatesBalance(uint256) (gas: 0)
[SKIP] testMintingUpdatesTotalSupply(uint256) (gas: 0)
[SKIP] testMintingZeroShouldNotChangeBalance() (gas: 0)
[SKIP] testMintingZeroShouldNotChangeTotalSupply() (gas: 0)
[PASS] testMultipleTransferFromCannotExceedAllowance(uint256,uint256,uint256,uint256) (runs: 256, μ: 468455, ~: 468042)
[PASS] testNoApprovalCannotTransferFrom(uint256,uint256,uint256) (runs: 256, μ: 438085, ~: 438102)
[SKIP] testNoExcessByMintingViaOverflow(uint256) (gas: 0)
[PASS] testNoSelfApprovalCannotSelfTransferFrom(uint256,uint256,uint256) (runs: 256, μ: 438017, ~: 438035)
[SKIP] testNonOwnerCannotChangeOwner() (gas: 0)
[SKIP] testNonWalletAddressCannotDisableTransfer() (gas: 0)
[SKIP] testNonWalletAddressCannotEnableTransfer() (gas: 0)
[PASS] testOverwriteApprovePositiveToPositive(uint256,uint256) (runs: 256, μ: 46952, ~: 46952)
[SKIP] testOwnerCanChangeOwner() (gas: 0)
[SKIP] testOwnerCannotOverflowSellBySettingPrice(uint256,uint256) (gas: 0)
[PASS] testPositiveApprovalEventEmission(uint256) (runs: 256, μ: 41614, ~: 41614)
[PASS] testPositiveApproveAllowsPositiveTransferFrom(uint256,uint256,uint256,uint256) (runs: 256, μ: 463906, ~: 463298)
[PASS] testPositiveApproveAllowsZeroTransferFrom(uint256,uint256,uint256) (runs: 256, μ: 462889, ~: 462960)
[PASS] testPositiveApproveLeadsToAllowance(uint256) (runs: 256, μ: 41166, ~: 41166)
[PASS] testPositiveDecreaseAllowanceAllowsPositiveTransferFrom(uint256,uint256,uint256,uint256,uint256) (runs: 256, μ: 467619, ~: 467132)
[PASS] testPositiveDecreaseAllowanceAllowsZeroTransferFrom(uint256,uint256,uint256,uint256) (runs: 256, μ: 466806, ~: 466819)
[PASS] testPositiveDecreaseAllowanceEventEmission(uint256,uint256) (runs: 256, μ: 46278, ~: 46815)
[PASS] testPositiveIncreaseAllowanceAllowsPositiveTransferFrom(uint256,uint256,uint256,uint256,uint256) (runs: 256, μ: 467396, ~: 467346)
[PASS] testPositiveIncreaseAllowanceAllowsZeroTransferFrom(uint256,uint256,uint256,uint256) (runs: 256, μ: 467073, ~: 467105)
[PASS] testPositiveIncreaseAllowanceEventEmission(uint256) (runs: 256, μ: 42342, ~: 42342)
[PASS] testPositiveMultipleTransfer(uint256,uint256,uint256) (runs: 256, μ: 471624, ~: 471140)
[PASS] testPositiveMultipleTransferFrom(uint256,uint256,uint256) (runs: 256, μ: 501526, ~: 501040)
[PASS] testPositiveSelfApprove(uint256,uint256,uint256) (runs: 256, μ: 456771, ~: 456790)
[PASS] testPositiveSelfApproveTransferFrom(uint256,uint256,uint256) (runs: 256, μ: 463131, ~: 462716)
[PASS] testPositiveSelfDecreaseAllowance(uint256,uint256,uint256,uint256) (runs: 256, μ: 461731, ~: 461744)
[PASS] testPositiveSelfDecreaseAllowanceTransferFrom(uint256,uint256,uint256,uint256,uint256) (runs: 256, μ: 469457, ~: 469160)
[PASS] testPositiveSelfIncreaseAllowance(uint256,uint256,uint256) (runs: 256, μ: 457129, ~: 457149)
[PASS] testPositiveSelfIncreaseAllowanceTransferFrom(uint256,uint256,uint256) (runs: 256, μ: 463483, ~: 463068)
[PASS] testPositiveSelfTransfer(uint256,uint256,uint256) (runs: 256, μ: 439545, ~: 439254)
[PASS] testPositiveTotalTransferFromToOther(uint256,uint256) (runs: 256, μ: 484526, ~: 484543)
[PASS] testPositiveTotalTransferToOther(uint256,uint256) (runs: 256, μ: 460095, ~: 460110)
[PASS] testPositiveTransferEventEmission(uint256,uint256,uint256) (runs: 256, μ: 440519, ~: 440102)
[PASS] testPositiveTransferFromEventEmission(uint256,uint256,uint256) (runs: 256, μ: 483736, ~: 483756)
[PASS] testPositiveTransferFromToZeroShouldRevert(uint256,uint256,uint256) (runs: 256, μ: 460440, ~: 460456)
[PASS] testPositiveTransferToZeroShouldRevert(uint256,uint256,uint256) (runs: 256, μ: 435925, ~: 435942)
[FAIL. Reason: Assertion failed. Counterexample: calldata=0x48d35b43000000000000000000000000000000000000000000000000000000000000000100000000000000000000000000000000000000000000000000000000000000000000000000000000000000000000000000000000000000000000000000000000, args=[1, 0, 0]] testRevertsIfApprovalGreaterThanBalance(uint256,uint256,uint256) (runs: 0, μ: 0, ~: 0)
[FAIL. Reason: Assertion failed. Counterexample: calldata=0x4ddc2b9600000000000000000000000000000000000000000000000000000000000000000000000000000000000000000000000000000000000000000000000000000000, args=[0, 0]] testRevertsOnInfiniteApproval(uint256,uint256) (runs: 0, μ: 0, ~: 0)
[SKIP] testShouldNotChangeOwnership() (gas: 0)
[PASS] testTotalSupplyConstantAfterTransfer(uint256,uint256,uint256) (runs: 256, μ: 440015, ~: 439598)
[PASS] testTotalSupplyConstantAfterTransferFrom(uint256,uint256,uint256) (runs: 256, μ: 483151, ~: 483171)
[SKIP] testTotalSupplyDoesNotOverflowByMinting(uint256) (gas: 0)
[SKIP] testTransferAreNotPossibleWhenPaused(uint256,uint256) (gas: 0)
[PASS] testTransferDoesNotUpdateOthersBalances(uint256,uint256,uint256) (runs: 256, μ: 443792, ~: 443380)
[SKIP] testTransferFromAreNotPossibleWhenPaused(uint256,uint256) (gas: 0)
[PASS] testTransferFromDecreaseAllowanceAsExpected(uint256,uint256,uint256) (runs: 256, μ: 483810, ~: 483834)
[FAIL. Reason: Assertion failed. Counterexample: calldata=0xe7ff14920000000000000000000000000000000000000000000000000000000000002e63000000000000000000000000000000000000000000000000000000001f90323c0000000000000000000000000000000000000000000000000000000000004827, args=[11875 [1.187e4], 529543740 [5.295e8], 18471 [1.847e4]]] testTransferFromDecreaseAllowanceGtExpected(uint256,uint256,uint256) (runs: 0, μ: 0, ~: 0)
[FAIL. Reason: Assertion failed. Counterexample: calldata=0x56a991960000000000000000000000000000000000000000000000000000000000002e63000000000000000000000000000000000000000000000000000000001f90323c0000000000000000000000000000000000000000000000000000000000004827, args=[11875 [1.187e4], 529543740 [5.295e8], 18471 [1.847e4]]] testTransferFromDecreaseAllowanceLtExpected(uint256,uint256,uint256) (runs: 0, μ: 0, ~: 0)
[PASS] testTransferFromDoesNotUpdateOthersBalances(uint256,uint256,uint256) (runs: 256, μ: 468167, ~: 467756)
[SKIP] testWalletAddressCanDisableWalletTransfer() (gas: 0)
[SKIP] testWalletAddressCanEnableWalletTransfer() (gas: 0)
[PASS] testZeroAddressCannotApprovePositiveAmount(uint256) (runs: 256, μ: 12944, ~: 12944)
[PASS] testZeroAddressCannotTransferPositiveAmount(uint256) (runs: 256, μ: 235130, ~: 235144)
[PASS] testZeroApprovalEventEmission() (gas: 21300)
[PASS] testZeroApproveLeadsToAllowance() (gas: 20809)
[PASS] testZeroDecreaseAllowanceEventEmission() (gas: 21907)
[PASS] testZeroIncreaseAllowanceEventEmission() (gas: 22052)
[PASS] testZeroMultipleTransfer(uint256,uint256) (runs: 256, μ: 452672, ~: 452688)
[PASS] testZeroMultipleTransferFrom(uint256,uint256) (runs: 256, μ: 482597, ~: 482616)
[PASS] testZeroSelfApprove(uint256,uint256) (runs: 256, μ: 440537, ~: 440554)
[PASS] testZeroSelfApproveTransferFrom(uint256,uint256) (runs: 256, μ: 446511, ~: 446528)
[PASS] testZeroSelfDecreaseAllowance(uint256,uint256,uint256) (runs: 256, μ: 461008, ~: 461453)
[PASS] testZeroSelfDecreaseAllowanceTransferFrom(uint256,uint256,uint256,uint256) (runs: 256, μ: 469582, ~: 468912)
[PASS] testZeroSelfIncreaseAllowance(uint256,uint256) (runs: 256, μ: 440910, ~: 440928)
[PASS] testZeroSelfIncreaseAllowanceTransferFrom(uint256,uint256) (runs: 256, μ: 446864, ~: 446881)
[PASS] testZeroSelfTransfer(uint256,uint256) (runs: 256, μ: 438953, ~: 438966)
[PASS] testZeroTotalTransferFromToOther(uint256) (runs: 256, μ: 452389, ~: 452402)
[PASS] testZeroTotalTransferToOther(uint256) (runs: 256, μ: 443876, ~: 443890)
[PASS] testZeroTransferFromByOtherEmitsEvent(uint256,uint256) (runs: 256, μ: 445624, ~: 445639)
[PASS] testZeroTransferFromByOtherFromAndToSameAccountPossible(uint256,uint256) (runs: 256, μ: 440460, ~: 440474)
[PASS] testZeroTransferFromByOtherPossibleFromAndToDifferentAccounts(uint256,uint256) (runs: 256, μ: 443752, ~: 443768)
[PASS] testZeroTransferFromByOtherToSameAccountEmitsEvent(uint256,uint256) (runs: 256, μ: 442199, ~: 442213)
[PASS] testZeroTransferFromByOtherToSelfPossible(uint256,uint256) (runs: 256, μ: 440496, ~: 440510)
[PASS] testZeroTransferFromBySelfPossible(uint256,uint256) (runs: 256, μ: 443801, ~: 443816)
[PASS] testZeroTransferFromBySelfToSelfEmitsEvent(uint256,uint256) (runs: 256, μ: 442214, ~: 442231)
[PASS] testZeroTransferFromBySelfToSomeoneEmitsEvent(uint256,uint256) (runs: 256, μ: 445571, ~: 445586)
[PASS] testZeroTransferFromToZeroShouldRevert(uint256,uint256) (runs: 256, μ: 444187, ~: 444201)
[PASS] testZeroTransferToOthersEmitsEvent(uint256,uint256) (runs: 256, μ: 438538, ~: 438552)
[PASS] testZeroTransferToOthersPossible(uint256,uint256) (runs: 256, μ: 436710, ~: 436724)
[PASS] testZeroTransferToSelfEmitsEvent(uint256,uint256) (runs: 256, μ: 438435, ~: 438448)
[PASS] testZeroTransferToSelfPossible(uint256,uint256) (runs: 256, μ: 436726, ~: 436740)
[PASS] testZeroTransferToZeroShouldRevert(uint256,uint256) (runs: 256, μ: 434390, ~: 434404)
Test result: FAILED. 93 passed; 11 failed; 25 skipped; finished in 2.53s
Ran 1 test suites: 93 tests passed, 11 failed, 25 skipped (129 total tests)
