
Running 116 tests for test/golden/ERC4626MockTest.t.sol:ERC4626MockTest
[PASS] testAssetDoesNotRevert() (gas: 6152)
[PASS] testConvertToAssetsDoesNotRevertWhenNoIntOverflow(uint256) (runs: 256, μ: 22756, ~: 22756)
[FAIL. Reason: Assertion failed.] testConvertToAssetsIntOverflowLimitFollowsSolmate() (gas: 37055)
[PASS] testConvertToAssetsNoVariationOnCaller(uint256,uint256,uint256) (runs: 256, μ: 570161, ~: 582478)
[PASS] testConvertToAssetsSharesDesirable(uint256) (runs: 256, μ: 25945, ~: 25945)
[PASS] testConvertToAssetsZeroAmountIsPossible() (gas: 19955)
[PASS] testConvertToAssetsZeroAmountReturnsZero() (gas: 13943)
[PASS] testConvertToSharesAssetsDesirable(uint256) (runs: 256, μ: 26820, ~: 26820)
[PASS] testConvertToSharesDoesNotRevertWhenNoIntOverflow(uint256) (runs: 256, μ: 21868, ~: 21868)
[FAIL. Reason: Assertion failed.] testConvertToSharesIntOverflowLimitFollowsSolmate() (gas: 35371)
[PASS] testConvertToSharesNoVariationOnCaller(uint256,uint256,uint256) (runs: 256, μ: 449352, ~: 449371)
[PASS] testConvertToSharesZeroAmountIsPossible() (gas: 20053)
[PASS] testConvertToSharesZeroAmountReturnsZero() (gas: 13983)
[PASS] testDealIntendedAssetsToDummyUsers(uint256,uint256) (runs: 256, μ: 435360, ~: 435376)
[PASS] testDealIntendedSharesToDummyUsers(uint256,uint256) (runs: 256, μ: 552433, ~: 572589)
[PASS] testDecimalsCallable() (gas: 6204)
[PASS] testDepositDecreaseAllowanceCallerVaultAsExpected(uint256,uint256) (runs: 256, μ: 509060, ~: 509075)
[PASS] testDepositDecreaseCallerAssetsAsExpected(uint256) (runs: 256, μ: 509707, ~: 509718)
[PASS] testDepositEmitDepositEvent(uint256,uint256) (runs: 256, μ: 505378, ~: 505393)
[PASS] testDepositFailsIfInsufficientAssetsAllowanceToVault(uint256,uint256) (runs: 256, μ: 473501, ~: 473512)
[PASS] testDepositIncreaseReceiverSharesAsExpected(uint256) (runs: 256, μ: 509700, ~: 509711)
[PASS] testDepositIncreaseTotalAssetsAsExpected(uint256) (runs: 256, μ: 510545, ~: 510556)
[PASS] testDepositIncreaseTotalSharesAsExpected(uint256) (runs: 256, μ: 509224, ~: 509235)
[PASS] testDepositRedeemDesirable(uint256) (runs: 256, μ: 538761, ~: 538767)
[PASS] testDepositRevertsWhenAssetsGtMaxDeposit(uint256,uint256,uint256) (runs: 256, μ: 636512, ~: 644068)
[PASS] testDepositSupportsEIP20ApproveTransferFromAssets(uint256,uint256) (runs: 256, μ: 503423, ~: 503438)
[PASS] testDepositWithdrawDesirable(uint256) (runs: 256, μ: 537640, ~: 537645)
[PASS] testDepositZeroAmountIsPossible() (gas: 38246)
[PASS] testDepositZeroAmountReturnsZero() (gas: 53234)
[PASS] testMaxDepositDoesNotRevert() (gas: 8544)
[PASS] testMaxDepositNotHigherThanActualMax(uint256,uint256) (runs: 256, μ: 443390, ~: 443404)
[PASS] testMaxDepositNotRelyBalanceOfAssets(uint256,uint256) (runs: 256, μ: 444243, ~: 444260)
[PASS] testMaxDepositReturnMaxUint256IfNoLimit() (gas: 9995)
[PASS] testMaxMintDoesNotRevert() (gas: 8589)
[PASS] testMaxMintNotHigherThanActualMax(uint256,uint256) (runs: 256, μ: 445724, ~: 445740)
[PASS] testMaxMintNotRelyBalanceOfAssets(uint256,uint256) (runs: 256, μ: 444325, ~: 444342)
[PASS] testMaxMintReturnMaxUint256IfNoLimit() (gas: 9974)
[PASS] testMaxRedeemDoesNotRevert() (gas: 10759)
[PASS] testMaxRedeemEqBalanceOfShares(uint256) (runs: 256, μ: 332613, ~: 332624)
[PASS] testMaxRedeemNotHigherThanActualMax(uint256,uint256) (runs: 256, μ: 371180, ~: 371189)
[PASS] testMaxWithdrawDoesNotRevert() (gas: 18990)
[PASS] testMaxWithdrawEqConvertToAssetsOfBalanceOfShares(uint256) (runs: 256, μ: 339399, ~: 339405)
[PASS] testMaxWithdrawNotHigherThanActualMax(uint256,uint256) (runs: 256, μ: 381028, ~: 381034)
[PASS] testMintDecreaseAllowanceCallerVaultAsExpected(uint256,uint256) (runs: 256, μ: 512930, ~: 512945)
[PASS] testMintDecreaseCallerAssetsAsExpected(uint256,uint256) (runs: 256, μ: 513536, ~: 513552)
[PASS] testMintEmitDepositEvent(uint256,uint256) (runs: 256, μ: 506463, ~: 506479)
[PASS] testMintFailsIfInsufficientAssetsAllowanceToVault(uint256,uint256,uint256) (runs: 256, μ: 473074, ~: 474586)
[PASS] testMintIncreaseReceiverSharesAsExpected(uint256,uint256) (runs: 256, μ: 513543, ~: 513559)
[PASS] testMintIncreaseTotalAssetsAsExpected(uint256,uint256) (runs: 256, μ: 514374, ~: 514389)
[PASS] testMintIncreaseTotalSharesAsExpected(uint256,uint256) (runs: 256, μ: 513014, ~: 513029)
[PASS] testMintPositiveAmountReturnsGtZero(uint256,uint256) (runs: 256, μ: 504597, ~: 504612)
[PASS] testMintRedeemDesirable(uint256,uint256) (runs: 256, μ: 527068, ~: 526712)
[PASS] testMintRevertsWhenSharesGtMaxMint(uint256,uint256,uint256) (runs: 256, μ: 637306, ~: 644799)
[PASS] testMintSupportsEIP20ApproveTransferFromAssets(uint256,uint256) (runs: 256, μ: 504135, ~: 504150)
[PASS] testMintWithdrawDesirable(uint256,uint256) (runs: 256, μ: 525878, ~: 525522)
[PASS] testMintZeroAmountIsPossible() (gas: 38222)
[PASS] testNameCallable() (gas: 9524)
[PASS] testNoDiscrepancyConvertToAssetsAndPreviewMint(uint256) (runs: 256, μ: 24759, ~: 24759)
[PASS] testNoDiscrepancyConvertToAssetsAndPreviewRedeem(uint256) (runs: 256, μ: 24696, ~: 24696)
[PASS] testNoDiscrepancyConvertToSharesAndPreviewDeposit(uint256) (runs: 256, μ: 23798, ~: 23798)
[PASS] testNoDiscrepancyConvertToSharesAndPreviewWithdraw(uint256) (runs: 256, μ: 23864, ~: 23864)
[PASS] testPreviewDepositIndependentOfCaller(uint256,uint256,uint256) (runs: 256, μ: 451176, ~: 451190)
[PASS] testPreviewDepositSameOrLessThanDeposit(uint256,uint256) (runs: 256, μ: 507849, ~: 507864)
[PASS] testPreviewDepositZeroAmountIsPossible() (gas: 19986)
[PASS] testPreviewDepositZeroAmountReturnsZero() (gas: 13941)
[PASS] testPreviewMintIndependentOfCaller(uint256,uint256,uint256) (runs: 256, μ: 451975, ~: 451988)
[PASS] testPreviewMintPositiveAmountReturnsGtZero(uint256) (runs: 256, μ: 22131, ~: 22131)
[PASS] testPreviewMintSameOrMoreThanMint(uint256,uint256) (runs: 256, μ: 511677, ~: 511692)
[PASS] testPreviewMintZeroAmountIsPossible() (gas: 20093)
[PASS] testPreviewRedeemIndependentOfCaller(uint256,uint256,uint256) (runs: 256, μ: 568268, ~: 582478)
[PASS] testPreviewRedeemSameOrLessThanRedeem(uint256,uint256) (runs: 256, μ: 372301, ~: 372310)
[PASS] testPreviewRedeemZeroAmountIsPossible() (gas: 19986)
[PASS] testPreviewRedeemZeroAmountReturnsZero() (gas: 13902)
[PASS] testPreviewWithdrawIndependentOfCaller(uint256,uint256,uint256) (runs: 256, μ: 567620, ~: 581830)
[PASS] testPreviewWithdrawPositiveAmountReturnsGtZero(uint256) (runs: 256, μ: 21214, ~: 21214)
[PASS] testPreviewWithdrawSameOrMoreThanWithdraw(uint256,uint256) (runs: 256, μ: 379838, ~: 379842)
[PASS] testPreviewWithdrawZeroAmountIsPossible() (gas: 20009)
[PASS] testRedeemDecreaseAllowanceOwnerCallerAsExpected(uint256,uint256) (runs: 256, μ: 395902, ~: 395910)
[PASS] testRedeemDecreaseOwnerSharesAsExpected(uint256) (runs: 256, μ: 396251, ~: 396257)
[PASS] testRedeemDecreaseTotalSharesAsExpected(uint256) (runs: 256, μ: 395774, ~: 395780)
[PASS] testRedeemDepositDesirable(uint256) (runs: 256, μ: 427699, ~: 427705)
[PASS] testRedeemEmitWithdrawEvent(uint256,uint256) (runs: 256, μ: 369440, ~: 369449)
[PASS] testRedeemIncreaseReceiverAssetsAsExpected(uint256) (runs: 256, μ: 396275, ~: 396281)
[PASS] testRedeemMintDesirable(uint256) (runs: 256, μ: 428099, ~: 428105)
[PASS] testRedeemRevertsWhenSharesGtMaxRedeem(uint256,uint256) (runs: 256, μ: 339767, ~: 339776)
[PASS] testRedeemSenderCanSpendBelowSharesAllowance(uint256,uint256) (runs: 256, μ: 390764, ~: 390773)
[PASS] testRedeemSenderCannotSpendAboveSharesAllowance(uint256,uint256) (runs: 256, μ: 363719, ~: 363790)
[PASS] testRedeemSupportsBurnSharesFromOwnerWhereOwnerApprovesMsgSender(uint256,uint256) (runs: 256, μ: 399083, ~: 399091)
[PASS] testRedeemSupportsBurnSharesFromOwnerWhereOwnerIsMsgSender(uint256,uint256) (runs: 256, μ: 375348, ~: 375357)
[PASS] testRedeemZeroAmountIsPossible() (gas: 34400)
[PASS] testRedeemZeroAmountReturnsZero() (gas: 41096)
[PASS] testSharesIsTransferAble(uint256) (runs: 256, μ: 352953, ~: 352964)
[PASS] testSharesIsTransferFromAble(uint256) (runs: 256, μ: 380160, ~: 380171)
[PASS] testSymbolCallable() (gas: 9547)
[PASS] testTotalAssetsDoesNotRevert() (gas: 11532)
[FAIL. Reason: Assertion failed.] testTotalAssetsGtTotalSupply() (gas: 31820)
[FAIL. Reason: Assertion failed.] testTotalAssetsGtVaultAssetsBalance() (gas: 32054)
[PASS] testTotalAssetsGtZero() (gas: 11046)
[FAIL. Reason: Assertion failed.] testTotalAssetsLtTotalSupply() (gas: 31777)
[FAIL. Reason: Assertion failed.] testTotalAssetsLtVaultAssetsBalance() (gas: 32098)
[PASS] testTotalSupplyGtZero() (gas: 7700)
[PASS] testVaultDecimalsGeAssetDecimals() (gas: 12234)
[PASS] testWithdrawDecreaseAllowanceOwnerCallerAsExpected(uint256,uint256) (runs: 256, μ: 403038, ~: 403044)
[PASS] testWithdrawDecreaseOwnerSharesAsExpected(uint256,uint256) (runs: 256, μ: 403720, ~: 403726)
[PASS] testWithdrawDecreaseTotalSharesAsExpected(uint256,uint256) (runs: 256, μ: 403208, ~: 403215)
[PASS] testWithdrawDepositDesirable(uint256,uint256) (runs: 256, μ: 412976, ~: 412186)
[PASS] testWithdrawEmitWithdrawEvent(uint256,uint256) (runs: 256, μ: 372980, ~: 372984)
[PASS] testWithdrawIncreaseReceiverAssetsAsExpected(uint256,uint256) (runs: 256, μ: 403708, ~: 403715)
[PASS] testWithdrawMintDesirable(uint256,uint256) (runs: 256, μ: 411038, ~: 410248)
[PASS] testWithdrawPositiveAmountReturnsGtZero(uint256,uint256) (runs: 256, μ: 367702, ~: 367708)
[PASS] testWithdrawRevertsWhenAssetsGtMaxWithdraw(uint256,uint256) (runs: 256, μ: 341950, ~: 341959)
[PASS] testWithdrawSenderCanSpendBelowSharesAllowance(uint256,uint256) (runs: 256, μ: 394018, ~: 394024)
[PASS] testWithdrawSenderCannotSpendAboveSharesAllowance(uint256,uint256,uint256) (runs: 256, μ: 366585, ~: 367586)
[PASS] testWithdrawSupportsBurnSharesFromOwnerWhereOwnerApprovesMsgSender(uint256,uint256) (runs: 256, μ: 407491, ~: 407496)
[PASS] testWithdrawSupportsBurnSharesFromOwnerWhereOwnerIsMsgSender(uint256,uint256) (runs: 256, μ: 382836, ~: 382840)
[PASS] testWithdrawZeroAmountIsPossible() (gas: 36180)
Test result: FAILED. 110 passed; 6 failed; 0 skipped; finished in 2.42s
Ran 1 test suites: 110 tests passed, 6 failed, 0 skipped (116 total tests)
