
Running 129 tests for test/golden/USDCTest.t.sol:USDCTest
[PASS] testAddressZeroHasNoToken() (gas: 15158)
[PASS] testBalanceDoesNotOverflowByMinting(uint256) (runs: 256, μ: 505935, ~: 505948)
[PASS] testBalanceOfCaller(uint256,uint256) (runs: 256, μ: 481846, ~: 481860)
[PASS] testBalanceOfNonCaller(uint256,uint256) (runs: 256, μ: 481891, ~: 481905)
[FAIL. Reason: Arithmetic over/underflow Counterexample: calldata=0x0567d503fffffffffffffffffff84d783c7dde4c25fcd355382fc69a256f5fc820f254d20000000000000000000000000000000000000000000000000000000000000210, args=[115792089237316195423570247745763292859546156924709952451375075641394099016914 [1.157e77], 528]] testBatchTransferDoesNotOverflow(uint256,uint256) (runs: 56, μ: 689354, ~: 689404)
[PASS] testBatchTransferDoesNotOverflowByContractOwner(uint256) (runs: 256, μ: 378671, ~: 378725)
[SKIP] testBurningFromUpdatesAllowance(uint256,uint256,uint256) (gas: 0)
[SKIP] testBurningFromUpdatesBalance(uint256,uint256,uint256) (gas: 0)
[SKIP] testBurningFromUpdatesTotalSupply(uint256,uint256,uint256) (gas: 0)
[SKIP] testBurningFromZeroTokenDoesNotUpdateAllowance(uint256,uint256) (gas: 0)
[SKIP] testBurningFromZeroTokenDoesNotUpdateBalances(uint256,uint256) (gas: 0)
[SKIP] testBurningFromZeroTokenDoesNotUpdateTotalSupply(uint256,uint256) (gas: 0)
[SKIP] testBurningUpdatesBalance(uint256,uint256) (gas: 0)
[SKIP] testBurningUpdatesTotalSupply(uint256,uint256) (gas: 0)
[SKIP] testBurningZeroTokenDoesNotUpdateBalance(uint256) (gas: 0)
[SKIP] testBurningZeroTokenDoesNotUpdateTotalSupply(uint256) (gas: 0)
[PASS] testCanApproveMoreThanBalance(uint256,uint256) (runs: 256, μ: 509407, ~: 509427)
[PASS] testCannotApprovePositiveAmountToZeroAddress(uint256) (runs: 256, μ: 26845, ~: 26845)
[PASS] testCannotTransferFromMoreThanAllowanceLowerThanBalance(uint256,uint256,uint256,uint256) (runs: 256, μ: 514479, ~: 514504)
[PASS] testCannotTransferFromMoreThanBalanceButLowerThanAllowance(uint256,uint256,uint256,uint256) (runs: 256, μ: 517239, ~: 517250)
[PASS] testCannotTransferMoreThanBalance(uint256,uint256,uint256) (runs: 256, μ: 490194, ~: 490204)
[PASS] testCorrectOverwriteApprovePositiveToPositive(uint256,uint256) (runs: 256, μ: 64874, ~: 64874)
[PASS] testCorrectOverwriteApprovePositiveToZero(uint256) (runs: 256, μ: 47446, ~: 47467)
[PASS] testCorrectOverwriteApproveZeroToPositive(uint256) (runs: 256, μ: 64681, ~: 64681)
[PASS] testCorrectOverwriteApproveZeroToZero() (gas: 44304)
[PASS] testDealIntendedTokensToDummyUsers(uint256,uint256) (runs: 256, μ: 482732, ~: 482747)
[PASS] testDecreaseAllowanceAsExpected(uint256,uint256,uint256) (runs: 256, μ: 518272, ~: 518289)
[PASS] testDecreaseAllowanceBehaviorExact(uint256,uint256,uint256,uint256) (runs: 256, μ: 510148, ~: 510781)
[FAIL. Reason: Assertion failed. Counterexample: calldata=0xf0d32b1a00000000000000000000000000000000000000000000000000000000000000010000000000000000000000000000000000000000000000000000000000001ca50000000000000000000000000000000000000000000000000000000000005a8500000000000000000000000000000000000000000000000000000000000011a3, args=[1, 7333, 23173 [2.317e4], 4515]] testDecreaseAllowanceBehaviorInexact(uint256,uint256,uint256,uint256) (runs: 0, μ: 0, ~: 0)
[PASS] testDecreaseAllowanceDoubleSpend(uint256,uint256,uint256,uint256,uint256) (runs: 256, μ: 528711, ~: 528980)
[FAIL. Reason: Assertion failed. Counterexample: calldata=0x1389a004000000000000000000000000000000000000000000000000000000000000146000000000000000000000000000000000000000000000000000000000000139220000000000000000000000000000000000000000000000000000000000000053, args=[5216, 80162 [8.016e4], 83]] testDecreaseAllowanceGtExpected(uint256,uint256,uint256) (runs: 0, μ: 0, ~: 0)
[FAIL. Reason: Assertion failed. Counterexample: calldata=0xb86e5106000000000000000000000000000000000000000000000000000000000000146000000000000000000000000000000000000000000000000000000000000139220000000000000000000000000000000000000000000000000000000000000053, args=[5216, 80162 [8.016e4], 83]] testDecreaseAllowanceLtExpected(uint256,uint256,uint256) (runs: 0, μ: 0, ~: 0)
[PASS] testFeeTakingTransferFromPotential(uint256[2],uint256,uint256,uint256) (runs: 256, μ: 538991, ~: 538448)
[PASS] testFeeTakingTransferFromPresent(uint256,uint256,uint256) (runs: 256, μ: 523756, ~: 523346)
[PASS] testFeeTakingTransferPotential(uint256[2],uint256,uint256,uint256) (runs: 256, μ: 514796, ~: 514257)
[PASS] testFeeTakingTransferPresent(uint256,uint256,uint256) (runs: 256, μ: 499581, ~: 499169)
[PASS] testIncreaseAllowanceAsExpected(uint256,uint256,uint256) (runs: 256, μ: 516215, ~: 516232)
[PASS] testIncreaseAllowanceDoubleSpend(uint256,uint256,uint256) (runs: 256, μ: 548765, ~: 544382)
[FAIL. Reason: Assertion failed. Counterexample: calldata=0xc8cb6dcc000000000000000000000000000000000000000000000000000000000000116d0000000000000000000000000000000000000000000000000000000000003699000000000000000000000000000000000000000000000000000000000000103b, args=[4461, 13977 [1.397e4], 4155]] testIncreaseAllowanceGtExpected(uint256,uint256,uint256) (runs: 0, μ: 0, ~: 0)
[FAIL. Reason: Assertion failed. Counterexample: calldata=0x8916ec9b000000000000000000000000000000000000000000000000000000000000116d0000000000000000000000000000000000000000000000000000000000003699000000000000000000000000000000000000000000000000000000000000103b, args=[4461, 13977 [1.397e4], 4155]] testIncreaseAllowanceLtExpected(uint256,uint256,uint256) (runs: 0, μ: 0, ~: 0)
[FAIL. Reason: Assertion failed. Counterexample: calldata=0x9a088e8a0000000000000000000000000000000000000000000000000000000000002ccd000000000000000000000000000000000000000000000000000000000000ddd1000000000000000000000000000000000000000000000000000000000000549f, args=[11469 [1.146e4], 56785 [5.678e4], 21663 [2.166e4]]] testInfiniteApprovalConstant(uint256,uint256,uint256) (runs: 0, μ: 0, ~: 0)
[PASS] testInfiniteApprovalNotConstant(uint256,uint256,uint256) (runs: 256, μ: 540377, ~: 541377)
[SKIP] testMaintainsApprovalLowerThanBalance(uint256,uint256,uint256) (gas: 0)
[PASS] testMintingToZeroAddressShouldFail(uint256) (runs: 256, μ: 50916, ~: 50916)
[SKIP] testMintingUpdatesBalance(uint256) (gas: 0)
[SKIP] testMintingUpdatesTotalSupply(uint256) (gas: 0)
[SKIP] testMintingZeroShouldNotChangeBalance() (gas: 0)
[SKIP] testMintingZeroShouldNotChangeTotalSupply() (gas: 0)
[PASS] testMultipleTransferFromCannotExceedAllowance(uint256,uint256,uint256,uint256) (runs: 256, μ: 525525, ~: 525098)
[PASS] testNoApprovalCannotTransferFrom(uint256,uint256,uint256) (runs: 256, μ: 492426, ~: 492444)
[SKIP] testNoExcessByMintingViaOverflow(uint256) (gas: 0)
[PASS] testNoSelfApprovalCannotSelfTransferFrom(uint256,uint256,uint256) (runs: 256, μ: 492359, ~: 492376)
[PASS] testNonOwnerCannotChangeOwner() (gas: 35107)
[SKIP] testNonWalletAddressCannotDisableTransfer() (gas: 0)
[SKIP] testNonWalletAddressCannotEnableTransfer() (gas: 0)
[PASS] testOverwriteApprovePositiveToPositive(uint256,uint256) (runs: 256, μ: 62539, ~: 62539)
[SKIP] testOwnerCanChangeOwner() (gas: 0)
[PASS] testOwnerCannotOverflowSellBySettingPrice(uint256,uint256) (runs: 256, μ: 495204, ~: 495215)
[PASS] testPositiveApprovalEventEmission(uint256) (runs: 256, μ: 55356, ~: 55356)
[PASS] testPositiveApproveAllowsPositiveTransferFrom(uint256,uint256,uint256,uint256) (runs: 256, μ: 518406, ~: 517741)
[PASS] testPositiveApproveAllowsZeroTransferFrom(uint256,uint256,uint256) (runs: 256, μ: 517380, ~: 517395)
[PASS] testPositiveApproveLeadsToAllowance(uint256) (runs: 256, μ: 55511, ~: 55511)
[PASS] testPositiveDecreaseAllowanceAllowsPositiveTransferFrom(uint256,uint256,uint256,uint256,uint256) (runs: 256, μ: 523227, ~: 522620)
[PASS] testPositiveDecreaseAllowanceAllowsZeroTransferFrom(uint256,uint256,uint256,uint256) (runs: 256, μ: 522295, ~: 522312)
[PASS] testPositiveDecreaseAllowanceEventEmission(uint256,uint256) (runs: 256, μ: 61281, ~: 61870)
[PASS] testPositiveIncreaseAllowanceAllowsPositiveTransferFrom(uint256,uint256,uint256,uint256,uint256) (runs: 256, μ: 522834, ~: 522728)
[PASS] testPositiveIncreaseAllowanceAllowsZeroTransferFrom(uint256,uint256,uint256,uint256) (runs: 256, μ: 522481, ~: 522500)
[PASS] testPositiveIncreaseAllowanceEventEmission(uint256) (runs: 256, μ: 56017, ~: 56017)
[PASS] testPositiveMultipleTransfer(uint256,uint256,uint256) (runs: 256, μ: 545834, ~: 545407)
[PASS] testPositiveMultipleTransferFrom(uint256,uint256,uint256) (runs: 256, μ: 573720, ~: 573237)
[PASS] testPositiveSelfApprove(uint256,uint256,uint256) (runs: 256, μ: 509948, ~: 509968)
[PASS] testPositiveSelfApproveTransferFrom(uint256,uint256,uint256) (runs: 256, μ: 517571, ~: 517158)
[PASS] testPositiveSelfDecreaseAllowance(uint256,uint256,uint256,uint256) (runs: 256, μ: 516438, ~: 516446)
[PASS] testPositiveSelfDecreaseAllowanceTransferFrom(uint256,uint256,uint256,uint256,uint256) (runs: 256, μ: 525909, ~: 525612)
[PASS] testPositiveSelfIncreaseAllowance(uint256,uint256,uint256) (runs: 256, μ: 510253, ~: 510272)
[PASS] testPositiveSelfIncreaseAllowanceTransferFrom(uint256,uint256,uint256) (runs: 256, μ: 517868, ~: 517456)
[PASS] testPositiveSelfTransfer(uint256,uint256,uint256) (runs: 256, μ: 493196, ~: 492903)
[PASS] testPositiveTotalTransferFromToOther(uint256,uint256) (runs: 256, μ: 542323, ~: 542339)
[PASS] testPositiveTotalTransferToOther(uint256,uint256) (runs: 256, μ: 516520, ~: 516536)
[PASS] testPositiveTransferEventEmission(uint256,uint256,uint256) (runs: 256, μ: 495186, ~: 494774)
[PASS] testPositiveTransferFromEventEmission(uint256,uint256,uint256) (runs: 256, μ: 539770, ~: 539789)
[PASS] testPositiveTransferFromToZeroShouldRevert(uint256,uint256,uint256) (runs: 256, μ: 515557, ~: 515576)
[PASS] testPositiveTransferToZeroShouldRevert(uint256,uint256,uint256) (runs: 256, μ: 490222, ~: 490240)
[FAIL. Reason: Assertion failed. Counterexample: calldata=0x48d35b43000000000000000000000000000000000000000000000000000000000000000100000000000000000000000000000000000000000000000000000000000000000000000000000000000000000000000000000000000000000000000000000000, args=[1, 0, 0]] testRevertsIfApprovalGreaterThanBalance(uint256,uint256,uint256) (runs: 0, μ: 0, ~: 0)
[FAIL. Reason: Assertion failed. Counterexample: calldata=0x4ddc2b9600000000000000000000000000000000000000000000000000000000000000000000000000000000000000000000000000000000000000000000000000000000, args=[0, 0]] testRevertsOnInfiniteApproval(uint256,uint256) (runs: 0, μ: 0, ~: 0)
[PASS] testShouldNotChangeOwnership() (gas: 33089)
[PASS] testTotalSupplyConstantAfterTransfer(uint256,uint256,uint256) (runs: 256, μ: 496074, ~: 495662)
[PASS] testTotalSupplyConstantAfterTransferFrom(uint256,uint256,uint256) (runs: 256, μ: 540577, ~: 540596)
[PASS] testTotalSupplyDoesNotOverflowByMinting(uint256) (runs: 256, μ: 54715, ~: 54715)
[SKIP] testTransferAreNotPossibleWhenPaused(uint256,uint256) (gas: 0)
[PASS] testTransferDoesNotUpdateOthersBalances(uint256,uint256,uint256) (runs: 256, μ: 499629, ~: 499218)
[SKIP] testTransferFromAreNotPossibleWhenPaused(uint256,uint256) (gas: 0)
[PASS] testTransferFromDecreaseAllowanceAsExpected(uint256,uint256,uint256) (runs: 256, μ: 540330, ~: 540353)
[FAIL. Reason: Assertion failed. Counterexample: calldata=0xe7ff1492000000000000000000000000000000000000000000000000000000000000000100000000000000000000000000000000000000000000000000000000000000010000000000000000000000000000000000000000000000000000000000000001, args=[1, 1, 1]] testTransferFromDecreaseAllowanceGtExpected(uint256,uint256,uint256) (runs: 0, μ: 0, ~: 0)
[FAIL. Reason: Assertion failed. Counterexample: calldata=0x56a99196000000000000000000000000000000000000000000000000000000000000000100000000000000000000000000000000000000000000000000000000000000010000000000000000000000000000000000000000000000000000000000000001, args=[1, 1, 1]] testTransferFromDecreaseAllowanceLtExpected(uint256,uint256,uint256) (runs: 0, μ: 0, ~: 0)
[PASS] testTransferFromDoesNotUpdateOthersBalances(uint256,uint256,uint256) (runs: 256, μ: 523772, ~: 523356)
[SKIP] testWalletAddressCanDisableWalletTransfer() (gas: 0)
[SKIP] testWalletAddressCanEnableWalletTransfer() (gas: 0)
[PASS] testZeroAddressCannotApprovePositiveAmount(uint256) (runs: 256, μ: 26726, ~: 26726)
[PASS] testZeroAddressCannotTransferPositiveAmount(uint256) (runs: 256, μ: 273780, ~: 273795)
[PASS] testZeroApprovalEventEmission() (gas: 35042)
[PASS] testZeroApproveLeadsToAllowance() (gas: 35154)
[PASS] testZeroDecreaseAllowanceEventEmission() (gas: 35720)
[PASS] testZeroIncreaseAllowanceEventEmission() (gas: 35727)
[PASS] testZeroMultipleTransfer(uint256,uint256) (runs: 256, μ: 513270, ~: 513285)
[PASS] testZeroMultipleTransferFrom(uint256,uint256) (runs: 256, μ: 541106, ~: 541123)
[PASS] testZeroSelfApprove(uint256,uint256) (runs: 256, μ: 493712, ~: 493728)
[PASS] testZeroSelfApproveTransferFrom(uint256,uint256) (runs: 256, μ: 500948, ~: 500963)
[PASS] testZeroSelfDecreaseAllowance(uint256,uint256,uint256) (runs: 256, μ: 515716, ~: 516164)
[PASS] testZeroSelfDecreaseAllowanceTransferFrom(uint256,uint256,uint256,uint256) (runs: 256, μ: 526096, ~: 525368)
[PASS] testZeroSelfIncreaseAllowance(uint256,uint256) (runs: 256, μ: 494032, ~: 494048)
[PASS] testZeroSelfIncreaseAllowanceTransferFrom(uint256,uint256) (runs: 256, μ: 501247, ~: 501262)
[PASS] testZeroSelfTransfer(uint256,uint256) (runs: 256, μ: 492605, ~: 492620)
[PASS] testZeroTotalTransferFromToOther(uint256) (runs: 256, μ: 510184, ~: 510198)
[PASS] testZeroTotalTransferToOther(uint256) (runs: 256, μ: 500302, ~: 500316)
[PASS] testZeroTransferFromByOtherEmitsEvent(uint256,uint256) (runs: 256, μ: 500082, ~: 500097)
[PASS] testZeroTransferFromByOtherFromAndToSameAccountPossible(uint256,uint256) (runs: 256, μ: 493315, ~: 493330)
[PASS] testZeroTransferFromByOtherPossibleFromAndToDifferentAccounts(uint256,uint256) (runs: 256, μ: 498211, ~: 498225)
[PASS] testZeroTransferFromByOtherToSameAccountEmitsEvent(uint256,uint256) (runs: 256, μ: 495054, ~: 495069)
[PASS] testZeroTransferFromByOtherToSelfPossible(uint256,uint256) (runs: 256, μ: 493351, ~: 493366)
[PASS] testZeroTransferFromBySelfPossible(uint256,uint256) (runs: 256, μ: 496659, ~: 496673)
[PASS] testZeroTransferFromBySelfToSelfEmitsEvent(uint256,uint256) (runs: 256, μ: 493471, ~: 493489)
[PASS] testZeroTransferFromBySelfToSomeoneEmitsEvent(uint256,uint256) (runs: 256, μ: 498428, ~: 498443)
[PASS] testZeroTransferFromToZeroShouldRevert(uint256,uint256) (runs: 256, μ: 499303, ~: 499320)
[PASS] testZeroTransferToOthersEmitsEvent(uint256,uint256) (runs: 256, μ: 492617, ~: 492633)
[PASS] testZeroTransferToOthersPossible(uint256,uint256) (runs: 256, μ: 490789, ~: 490805)
[PASS] testZeroTransferToSelfEmitsEvent(uint256,uint256) (runs: 256, μ: 490914, ~: 490929)
[PASS] testZeroTransferToSelfPossible(uint256,uint256) (runs: 256, μ: 489205, ~: 489220)
[PASS] testZeroTransferToZeroShouldRevert(uint256,uint256) (runs: 256, μ: 488103, ~: 488117)
Test result: FAILED. 95 passed; 11 failed; 23 skipped; finished in 4.10s
Ran 1 test suites: 95 tests passed, 11 failed, 23 skipped (129 total tests)
