
Running 129 tests for test/golden/USDTTest.t.sol:USDTTest
[FAIL. Reason: Assertion failed.] testAddressZeroHasNoToken() (gas: 28216)
[PASS] testBalanceDoesNotOverflowByMinting(uint256) (runs: 256, μ: 502380, ~: 502394)
[PASS] testBalanceOfCaller(uint256,uint256) (runs: 256, μ: 482973, ~: 482989)
[PASS] testBalanceOfNonCaller(uint256,uint256) (runs: 256, μ: 483018, ~: 483034)
[FAIL. Reason: Arithmetic over/underflow Counterexample: calldata=0x0567d503ffffffffffffffffffffffffffffffffffffffffffffffffff7559309952768900000000000000000000000000000000000000000000000000000000000040b0, args=[115792089237316195423570985008687907853269984665640564039457544980956632479369 [1.157e77], 16560 [1.656e4]]] testBatchTransferDoesNotOverflow(uint256,uint256) (runs: 43, μ: 685861, ~: 685912)
[PASS] testBatchTransferDoesNotOverflowByContractOwner(uint256) (runs: 256, μ: 369982, ~: 370031)
[SKIP] testBurningFromUpdatesAllowance(uint256,uint256,uint256) (gas: 0)
[SKIP] testBurningFromUpdatesBalance(uint256,uint256,uint256) (gas: 0)
[SKIP] testBurningFromUpdatesTotalSupply(uint256,uint256,uint256) (gas: 0)
[SKIP] testBurningFromZeroTokenDoesNotUpdateAllowance(uint256,uint256) (gas: 0)
[SKIP] testBurningFromZeroTokenDoesNotUpdateBalances(uint256,uint256) (gas: 0)
[SKIP] testBurningFromZeroTokenDoesNotUpdateTotalSupply(uint256,uint256) (gas: 0)
[SKIP] testBurningUpdatesBalance(uint256,uint256) (gas: 0)
[SKIP] testBurningUpdatesTotalSupply(uint256,uint256) (gas: 0)
[SKIP] testBurningZeroTokenDoesNotUpdateBalance(uint256) (gas: 0)
[SKIP] testBurningZeroTokenDoesNotUpdateTotalSupply(uint256) (gas: 0)
[PASS] testCanApproveMoreThanBalance(uint256,uint256) (runs: 256, μ: 504755, ~: 504768)
[FAIL. Reason: Assertion failed. Counterexample: calldata=0x4d168c120000000000000000000000000000000000000000000000000000000000000001, args=[1]] testCannotApprovePositiveAmountToZeroAddress(uint256) (runs: 0, μ: 0, ~: 0)
[PASS] testCannotTransferFromMoreThanAllowanceLowerThanBalance(uint256,uint256,uint256,uint256) (runs: 256, μ: 9079256848778670490, ~: 9079256848778670605)
[PASS] testCannotTransferFromMoreThanBalanceButLowerThanAllowance(uint256,uint256,uint256,uint256) (runs: 256, μ: 9079256848778670275, ~: 9079256848778670277)
[PASS] testCannotTransferMoreThanBalance(uint256,uint256,uint256) (runs: 256, μ: 9079256848778670127, ~: 9079256848778670176)
[PASS] testCorrectOverwriteApprovePositiveToPositive(uint256,uint256) (runs: 256, μ: 49462, ~: 49462)
[PASS] testCorrectOverwriteApprovePositiveToZero(uint256) (runs: 256, μ: 36908, ~: 36928)
[PASS] testCorrectOverwriteApproveZeroToPositive(uint256) (runs: 256, μ: 51508, ~: 51508)
[PASS] testCorrectOverwriteApproveZeroToZero() (gas: 30838)
[PASS] testDealIntendedTokensToDummyUsers(uint256,uint256) (runs: 256, μ: 483633, ~: 483648)
[FAIL. Reason: Assertion failed. Counterexample: calldata=0x261bcfb4000000000000000000000000000000000000000000000000000000000000116d0000000000000000000000000000000000000000000000000000000000004a5c000000000000000000000000000000000000000000000000000000000000572d, args=[4461, 19036 [1.903e4], 22317 [2.231e4]]] testDecreaseAllowanceAsExpected(uint256,uint256,uint256) (runs: 0, μ: 0, ~: 0)
[FAIL. Reason: EvmError: Revert Counterexample: calldata=0x386a1d760000000000000000000000000000000000000000000000000000000000000000000000000000000000000000000000000000000000000000000000000000000000000000000000000000000000000000000000000000000000000000000000000000000000000000000000000000000000000000000000000000000000000000, args=[0, 0, 0, 0]] testDecreaseAllowanceBehaviorExact(uint256,uint256,uint256,uint256) (runs: 0, μ: 0, ~: 0)
[FAIL. Reason: EvmError: Revert Counterexample: calldata=0xf0d32b1a0000000000000000000000000000000000000000000000000000000000000000000000000000000000000000000000000000000000000000000000000000000000000000000000000000000000000000000000000000000000000000000000000000000000000000000000000000000000000000000000000000000000000000, args=[0, 0, 0, 0]] testDecreaseAllowanceBehaviorInexact(uint256,uint256,uint256,uint256) (runs: 0, μ: 0, ~: 0)
[FAIL. Reason: EvmError: Revert Counterexample: calldata=0xf3afa39c00000000000000000000000000000000000000000000000000000000000000000000000000000000000000000000000000000000000000000000000000000000000000000000000000000000000000000000000000000000000000000000000000000000000000000000000000000000000000000000000000000000000000000000000000000000000000000000000000000000000000000000000000000000, args=[0, 0, 0, 0, 0]] testDecreaseAllowanceDoubleSpend(uint256,uint256,uint256,uint256,uint256) (runs: 0, μ: 0, ~: 0)
[FAIL. Reason: Assertion failed. Counterexample: calldata=0x1389a004000000000000000000000000000000000000000000000000000000000000116d0000000000000000000000000000000000000000000000000000000000004a5c000000000000000000000000000000000000000000000000000000000000572d, args=[4461, 19036 [1.903e4], 22317 [2.231e4]]] testDecreaseAllowanceGtExpected(uint256,uint256,uint256) (runs: 0, μ: 0, ~: 0)
[FAIL. Reason: Assertion failed. Counterexample: calldata=0xb86e5106000000000000000000000000000000000000000000000000000000000000116d0000000000000000000000000000000000000000000000000000000000004a5c000000000000000000000000000000000000000000000000000000000000572d, args=[4461, 19036 [1.903e4], 22317 [2.231e4]]] testDecreaseAllowanceLtExpected(uint256,uint256,uint256) (runs: 0, μ: 0, ~: 0)
[FAIL. Reason: Assertion failed. Counterexample: calldata=0xe117dc0d00000000000000000000000000000000000000000000000000000000000062680000000000000000000000000000000000000000000000000000000000000cf600000000000000000000000000000000000000000000000000000000000013ef0000000000000000000000000000000000000000000000000000627a7a72305800000000000000000000000000000000000000000000000000000000d5db2836, args=[[25192 [2.519e4], 3318], 5103, 108278179835992 [1.082e14], 3587909686 [3.587e9]]] testFeeTakingTransferFromPotential(uint256[2],uint256,uint256,uint256) (runs: 3, μ: 9079256848778627172, ~: 9079256848778627605)
[PASS] testFeeTakingTransferFromPresent(uint256,uint256,uint256) (runs: 256, μ: 523817, ~: 523405)
[FAIL. Reason: Assertion failed. Counterexample: calldata=0xa5850ee40000000000000000000000000000000000000000000000000000000000001297000000000000000000000000000000000000000000000000000000000000322e000000000000000000000000000000000000000000000000000000000000058e00000000000000000000000000000000000000000000000000000000000033a50000000000000000000000000000000000000000000000000000000000001029, args=[[4759, 12846 [1.284e4]], 1422, 13221 [1.322e4], 4137]] testFeeTakingTransferPotential(uint256[2],uint256,uint256,uint256) (runs: 5, μ: 7263405479023060626, ~: 9079256848778627080)
[PASS] testFeeTakingTransferPresent(uint256,uint256,uint256) (runs: 256, μ: 501220, ~: 500808)
[FAIL. Reason: Assertion failed. Counterexample: calldata=0x7867241a000000000000000000000000000000000000000000000000000000000000369900000000000000000000000000000000000000000000000000000000000016930000000000000000000000000000000000000000000000000000000000002652, args=[13977 [1.397e4], 5779, 9810]] testIncreaseAllowanceAsExpected(uint256,uint256,uint256) (runs: 0, μ: 0, ~: 0)
[FAIL. Reason: EvmError: Revert Counterexample: calldata=0x83558cc500000000000000000000000000000000000000000000000000000000000033a600000000000000000000000000000000000000000000000000000000000015010000000000000000000000000000000000000000000000000000000000015e96, args=[13222 [1.322e4], 5377, 89750 [8.975e4]]] testIncreaseAllowanceDoubleSpend(uint256,uint256,uint256) (runs: 0, μ: 0, ~: 0)
[FAIL. Reason: Assertion failed. Counterexample: calldata=0xc8cb6dcc000000000000000000000000000000000000000000000000000000000000116d0000000000000000000000000000000000000000000000000000000000004a5c000000000000000000000000000000000000000000000000000000000000572d, args=[4461, 19036 [1.903e4], 22317 [2.231e4]]] testIncreaseAllowanceGtExpected(uint256,uint256,uint256) (runs: 0, μ: 0, ~: 0)
[FAIL. Reason: Assertion failed. Counterexample: calldata=0x8916ec9b000000000000000000000000000000000000000000000000000000000000116d0000000000000000000000000000000000000000000000000000000000004a5c000000000000000000000000000000000000000000000000000000000000572d, args=[4461, 19036 [1.903e4], 22317 [2.231e4]]] testIncreaseAllowanceLtExpected(uint256,uint256,uint256) (runs: 0, μ: 0, ~: 0)
[PASS] testInfiniteApprovalConstant(uint256,uint256,uint256) (runs: 256, μ: 539185, ~: 540199)
[FAIL. Reason: Assertion failed. Counterexample: calldata=0x374fe12f000000000000000000000000000000000000000000000000000000000000116d0000000000000000000000000000000000000000000000000000000000004a5c000000000000000000000000000000000000000000000000000000000000572d, args=[4461, 19036 [1.903e4], 22317 [2.231e4]]] testInfiniteApprovalNotConstant(uint256,uint256,uint256) (runs: 0, μ: 0, ~: 0)
[SKIP] testMaintainsApprovalLowerThanBalance(uint256,uint256,uint256) (gas: 0)
[PASS] testMintingToZeroAddressShouldFail(uint256) (runs: 256, μ: 39982, ~: 39982)
[SKIP] testMintingUpdatesBalance(uint256) (gas: 0)
[SKIP] testMintingUpdatesTotalSupply(uint256) (gas: 0)
[SKIP] testMintingZeroShouldNotChangeBalance() (gas: 0)
[SKIP] testMintingZeroShouldNotChangeTotalSupply() (gas: 0)
[PASS] testMultipleTransferFromCannotExceedAllowance(uint256,uint256,uint256,uint256) (runs: 256, μ: 9079256848778650825, ~: 9079256848778650885)
[PASS] testNoApprovalCannotTransferFrom(uint256,uint256,uint256) (runs: 256, μ: 9079256848778670239, ~: 9079256848778670340)
[SKIP] testNoExcessByMintingViaOverflow(uint256) (gas: 0)
[PASS] testNoSelfApprovalCannotSelfTransferFrom(uint256,uint256,uint256) (runs: 256, μ: 9079256848778670241, ~: 9079256848778670342)
[PASS] testNonOwnerCannotChangeOwner() (gas: 27944)
[SKIP] testNonWalletAddressCannotDisableTransfer() (gas: 0)
[SKIP] testNonWalletAddressCannotEnableTransfer() (gas: 0)
[FAIL. Reason: Assertion failed. Counterexample: calldata=0x318cfd8f00000000000000000000000000000000000000000000000000000000000000010000000000000000000000000000000000000000000000000000000000000001, args=[1, 1]] testOverwriteApprovePositiveToPositive(uint256,uint256) (runs: 0, μ: 0, ~: 0)
[SKIP] testOwnerCanChangeOwner() (gas: 0)
[PASS] testOwnerCannotOverflowSellBySettingPrice(uint256,uint256) (runs: 256, μ: 495798, ~: 495809)
[PASS] testPositiveApprovalEventEmission(uint256) (runs: 256, μ: 43636, ~: 43636)
[PASS] testPositiveApproveAllowsPositiveTransferFrom(uint256,uint256,uint256,uint256) (runs: 256, μ: 519429, ~: 518731)
[PASS] testPositiveApproveAllowsZeroTransferFrom(uint256,uint256,uint256) (runs: 256, μ: 518289, ~: 518315)
[PASS] testPositiveApproveLeadsToAllowance(uint256) (runs: 256, μ: 43721, ~: 43721)
[FAIL. Reason: EvmError: Revert Counterexample: calldata=0x7ee38b8000000000000000000000000000000000000000000000000000000000000000000000000000000000000000000000000000000000000000000000000000000000000000000000000000000000000000000000000000000000000000000000000100000000000000000000000000000000000000000000000000000000000000000000000000000000000000000000000000000000000000000000000000000000, args=[0, 0, 1, 0, 0]] testPositiveDecreaseAllowanceAllowsPositiveTransferFrom(uint256,uint256,uint256,uint256,uint256) (runs: 0, μ: 0, ~: 0)
[FAIL. Reason: EvmError: Revert Counterexample: calldata=0x0e558b8f0000000000000000000000000000000000000000000000000000000000000000000000000000000000000000000000000000000000000000000000000000000000000000000000000000000000000000000000000000000000000000000000000000000000000000000000000000000000000000000000000000000000000000, args=[0, 0, 0, 0]] testPositiveDecreaseAllowanceAllowsZeroTransferFrom(uint256,uint256,uint256,uint256) (runs: 0, μ: 0, ~: 0)
[FAIL. Reason: EvmError: Revert Counterexample: calldata=0x6f17812200000000000000000000000000000000000000000000000000000000000000000000000000000000000000000000000000000000000000000000000000000000, args=[0, 0]] testPositiveDecreaseAllowanceEventEmission(uint256,uint256) (runs: 0, μ: 0, ~: 0)
[FAIL. Reason: EvmError: Revert Counterexample: calldata=0x58695f5600000000000000000000000000000000000000000000000000000000000000000000000000000000000000000000000000000000000000000000000000000001000000000000000000000000000000000000000000000000000000000000000000000000000000000000000000000000000000000000000000000000000000000000000000000000000000000000000000000000000000000000000000000000, args=[0, 1, 0, 0, 0]] testPositiveIncreaseAllowanceAllowsPositiveTransferFrom(uint256,uint256,uint256,uint256,uint256) (runs: 0, μ: 0, ~: 0)
[FAIL. Reason: EvmError: Revert Counterexample: calldata=0x5fc4f1850000000000000000000000000000000000000000000000000000000000000000000000000000000000000000000000000000000000000000000000000000000000000000000000000000000000000000000000000000000000000000000000000000000000000000000000000000000000000000000000000000000000000000, args=[0, 0, 0, 0]] testPositiveIncreaseAllowanceAllowsZeroTransferFrom(uint256,uint256,uint256,uint256) (runs: 0, μ: 0, ~: 0)
[FAIL. Reason: Expected an emit, but no logs were emitted afterward. You might have mismatched events or not enough events were emitted. Counterexample: calldata=0xb8555cb00000000000000000000000000000000000000000000000000000000000000001, args=[1]] testPositiveIncreaseAllowanceEventEmission(uint256) (runs: 0, μ: 0, ~: 0)
[PASS] testPositiveMultipleTransfer(uint256,uint256,uint256) (runs: 256, μ: 544957, ~: 544419)
[PASS] testPositiveMultipleTransferFrom(uint256,uint256,uint256) (runs: 256, μ: 569761, ~: 569216)
[PASS] testPositiveSelfApprove(uint256,uint256,uint256) (runs: 256, μ: 506843, ~: 506866)
[PASS] testPositiveSelfApproveTransferFrom(uint256,uint256,uint256) (runs: 256, μ: 518543, ~: 518132)
[FAIL. Reason: EvmError: Revert Counterexample: calldata=0xb7973d800000000000000000000000000000000000000000000000000000000000000000000000000000000000000000000000000000000000000000000000000000000100000000000000000000000000000000000000000000000000000000000000000000000000000000000000000000000000000000000000000000000000000000, args=[0, 1, 0, 0]] testPositiveSelfDecreaseAllowance(uint256,uint256,uint256,uint256) (runs: 0, μ: 0, ~: 0)
[FAIL. Reason: EvmError: Revert Counterexample: calldata=0x9196b91300000000000000000000000000000000000000000000000000000000000000000000000000000000000000000000000000000000000000000000000000000001000000000000000000000000000000000000000000000000000000000000000000000000000000000000000000000000000000000000000000000000000000000000000000000000000000000000000000000000000000000000000000000000, args=[0, 1, 0, 0, 0]] testPositiveSelfDecreaseAllowanceTransferFrom(uint256,uint256,uint256,uint256,uint256) (runs: 0, μ: 0, ~: 0)
[FAIL. Reason: Assertion failed. Counterexample: calldata=0x1f90323c000000000000000000000000000000000000000000000000000000000000116d0000000000000000000000000000000000000000000000000000000000004a5c000000000000000000000000000000000000000000000000000000000000572d, args=[4461, 19036 [1.903e4], 22317 [2.231e4]]] testPositiveSelfIncreaseAllowance(uint256,uint256,uint256) (runs: 0, μ: 0, ~: 0)
[FAIL. Reason: Assertion failed. Counterexample: calldata=0xc1b7f0ee0000000000000000000000000000000000000000000000000000000000013db400000000000000000000000000000000000000000000000000000000916a17c6000000000000000000000000dac17f958d2ee523a2206206994597c13d831ec7, args=[81332 [8.133e4], 2439649222 [2.439e9], 1248875146012964071876423320777688075155124985543 [1.248e48]]] testPositiveSelfIncreaseAllowanceTransferFrom(uint256,uint256,uint256) (runs: 0, μ: 0, ~: 0)
[PASS] testPositiveSelfTransfer(uint256,uint256,uint256) (runs: 256, μ: 497121, ~: 496832)
[PASS] testPositiveTotalTransferFromToOther(uint256,uint256) (runs: 256, μ: 541011, ~: 541029)
[PASS] testPositiveTotalTransferToOther(uint256,uint256) (runs: 256, μ: 518386, ~: 518404)
[PASS] testPositiveTransferEventEmission(uint256,uint256,uint256) (runs: 256, μ: 497735, ~: 497323)
[PASS] testPositiveTransferFromEventEmission(uint256,uint256,uint256) (runs: 256, μ: 539139, ~: 539160)
[FAIL. Reason: Assertion failed. Counterexample: calldata=0xe20257d0000000000000000000000000000000000000000000000000000000000000116d0000000000000000000000000000000000000000000000000000000000004a5c000000000000000000000000000000000000000000000000000000000000572d, args=[4461, 19036 [1.903e4], 22317 [2.231e4]]] testPositiveTransferFromToZeroShouldRevert(uint256,uint256,uint256) (runs: 0, μ: 0, ~: 0)
[FAIL. Reason: Assertion failed. Counterexample: calldata=0x1cc1476c000000000000000000000000000000000000000000000000000000000000116d0000000000000000000000000000000000000000000000000000000000004a5c000000000000000000000000000000000000000000000000000000000000572d, args=[4461, 19036 [1.903e4], 22317 [2.231e4]]] testPositiveTransferToZeroShouldRevert(uint256,uint256,uint256) (runs: 0, μ: 0, ~: 0)
[FAIL. Reason: Assertion failed. Counterexample: calldata=0x48d35b43000000000000000000000000000000000000000000000000000000000000000100000000000000000000000000000000000000000000000000000000000000000000000000000000000000000000000000000000000000000000000000000000, args=[1, 0, 0]] testRevertsIfApprovalGreaterThanBalance(uint256,uint256,uint256) (runs: 0, μ: 0, ~: 0)
[FAIL. Reason: Assertion failed. Counterexample: calldata=0x4ddc2b9600000000000000000000000000000000000000000000000000000000000000000000000000000000000000000000000000000000000000000000000000000000, args=[0, 0]] testRevertsOnInfiniteApproval(uint256,uint256) (runs: 0, μ: 0, ~: 0)
[PASS] testShouldNotChangeOwnership() (gas: 25921)
[PASS] testTotalSupplyConstantAfterTransfer(uint256,uint256,uint256) (runs: 256, μ: 497688, ~: 497276)
[PASS] testTotalSupplyConstantAfterTransferFrom(uint256,uint256,uint256) (runs: 256, μ: 539012, ~: 539032)
[PASS] testTotalSupplyDoesNotOverflowByMinting(uint256) (runs: 256, μ: 43301, ~: 43301)
[PASS] testTransferAreNotPossibleWhenPaused(uint256,uint256) (runs: 256, μ: 503090, ~: 503107)
[PASS] testTransferDoesNotUpdateOthersBalances(uint256,uint256,uint256) (runs: 256, μ: 501727, ~: 501315)
[PASS] testTransferFromAreNotPossibleWhenPaused(uint256,uint256) (runs: 256, μ: 523700, ~: 525033)
[PASS] testTransferFromDecreaseAllowanceAsExpected(uint256,uint256,uint256) (runs: 256, μ: 539641, ~: 539665)
[FAIL. Reason: Assertion failed. Counterexample: calldata=0xe7ff1492000000000000000000000000000000000000000000000000000000000000116d0000000000000000000000000000000000000000000000000000000000004a5c000000000000000000000000000000000000000000000000000000000000572d, args=[4461, 19036 [1.903e4], 22317 [2.231e4]]] testTransferFromDecreaseAllowanceGtExpected(uint256,uint256,uint256) (runs: 0, μ: 0, ~: 0)
[FAIL. Reason: Assertion failed. Counterexample: calldata=0x56a99196000000000000000000000000000000000000000000000000000000000000116d0000000000000000000000000000000000000000000000000000000000004a5c000000000000000000000000000000000000000000000000000000000000572d, args=[4461, 19036 [1.903e4], 22317 [2.231e4]]] testTransferFromDecreaseAllowanceLtExpected(uint256,uint256,uint256) (runs: 0, μ: 0, ~: 0)
[PASS] testTransferFromDoesNotUpdateOthersBalances(uint256,uint256,uint256) (runs: 256, μ: 524295, ~: 523882)
[SKIP] testWalletAddressCanDisableWalletTransfer() (gas: 0)
[SKIP] testWalletAddressCanEnableWalletTransfer() (gas: 0)
[FAIL. Reason: Assertion failed. Counterexample: calldata=0xb6e920890000000000000000000000000000000000000000000000000000000000000001, args=[1]] testZeroAddressCannotApprovePositiveAmount(uint256) (runs: 0, μ: 0, ~: 0)
[PASS] testZeroAddressCannotTransferPositiveAmount(uint256) (runs: 256, μ: 264459, ~: 264476)
[PASS] testZeroApprovalEventEmission() (gas: 23129)
[PASS] testZeroApproveLeadsToAllowance() (gas: 23171)
[FAIL. Reason: Expected an emit, but no logs were emitted afterward. You might have mismatched events or not enough events were emitted.] testZeroDecreaseAllowanceEventEmission() (gas: 28948)
[FAIL. Reason: Expected an emit, but no logs were emitted afterward. You might have mismatched events or not enough events were emitted.] testZeroIncreaseAllowanceEventEmission() (gas: 28992)
[PASS] testZeroMultipleTransfer(uint256,uint256) (runs: 256, μ: 512103, ~: 512120)
[PASS] testZeroMultipleTransferFrom(uint256,uint256) (runs: 256, μ: 536933, ~: 536950)
[PASS] testZeroSelfApprove(uint256,uint256) (runs: 256, μ: 490454, ~: 490472)
[PASS] testZeroSelfApproveTransferFrom(uint256,uint256) (runs: 256, μ: 501712, ~: 501731)
[FAIL. Reason: EvmError: Revert Counterexample: calldata=0xf6173f6d000000000000000000000000000000000000000000000000000000000000000000000000000000000000000000000000000000000000000000000000000000000000000000000000000000000000000000000000000000000000000000000000, args=[0, 0, 0]] testZeroSelfDecreaseAllowance(uint256,uint256,uint256) (runs: 0, μ: 0, ~: 0)
[FAIL. Reason: EvmError: Revert Counterexample: calldata=0x7d5efe240000000000000000000000000000000000000000000000000000000000000000000000000000000000000000000000000000000000000000000000000000000000000000000000000000000000000000000000000000000000000000000000000000000000000000000000000000000000000000000000000000000000000000, args=[0, 0, 0, 0]] testZeroSelfDecreaseAllowanceTransferFrom(uint256,uint256,uint256,uint256) (runs: 0, μ: 0, ~: 0)
[FAIL. Reason: Assertion failed. Counterexample: calldata=0xf11b4b0100000000000000000000000000000000000000000000000000000000000000010000000000000000000000000000000000000000000000000000000000000000, args=[1, 0]] testZeroSelfIncreaseAllowance(uint256,uint256) (runs: 0, μ: 0, ~: 0)
[FAIL. Reason: Assertion failed. Counterexample: calldata=0x7bfe1eb800000000000000000000000000000000000000000000000000000000000000010000000000000000000000000000000000000000000000000000000000000000, args=[1, 0]] testZeroSelfIncreaseAllowanceTransferFrom(uint256,uint256) (runs: 0, μ: 0, ~: 0)
[PASS] testZeroSelfTransfer(uint256,uint256) (runs: 256, μ: 496474, ~: 496491)
[PASS] testZeroTotalTransferFromToOther(uint256) (runs: 256, μ: 508668, ~: 508680)
[PASS] testZeroTotalTransferToOther(uint256) (runs: 256, μ: 502116, ~: 502128)
[PASS] testZeroTransferFromByOtherEmitsEvent(uint256,uint256) (runs: 256, μ: 500605, ~: 500620)
[PASS] testZeroTransferFromByOtherFromAndToSameAccountPossible(uint256,uint256) (runs: 256, μ: 495438, ~: 495454)
[PASS] testZeroTransferFromByOtherPossibleFromAndToDifferentAccounts(uint256,uint256) (runs: 256, μ: 498731, ~: 498746)
[PASS] testZeroTransferFromByOtherToSameAccountEmitsEvent(uint256,uint256) (runs: 256, μ: 497179, ~: 497196)
[PASS] testZeroTransferFromByOtherToSelfPossible(uint256,uint256) (runs: 256, μ: 495474, ~: 495490)
[PASS] testZeroTransferFromBySelfPossible(uint256,uint256) (runs: 256, μ: 498780, ~: 498795)
[PASS] testZeroTransferFromBySelfToSelfEmitsEvent(uint256,uint256) (runs: 256, μ: 497197, ~: 497213)
[PASS] testZeroTransferFromBySelfToSomeoneEmitsEvent(uint256,uint256) (runs: 256, μ: 500552, ~: 500567)
[FAIL. Reason: Assertion failed. Counterexample: calldata=0x2444923900000000000000000000000000000000000000000000000000000000000000000000000000000000000000000000000000000000000000000000000000000000, args=[0, 0]] testZeroTransferFromToZeroShouldRevert(uint256,uint256) (runs: 0, μ: 0, ~: 0)
[PASS] testZeroTransferToOthersEmitsEvent(uint256,uint256) (runs: 256, μ: 495341, ~: 495357)
[PASS] testZeroTransferToOthersPossible(uint256,uint256) (runs: 256, μ: 493514, ~: 493530)
[PASS] testZeroTransferToSelfEmitsEvent(uint256,uint256) (runs: 256, μ: 495238, ~: 495254)
[PASS] testZeroTransferToSelfPossible(uint256,uint256) (runs: 256, μ: 493530, ~: 493546)
[FAIL. Reason: Assertion failed. Counterexample: calldata=0x26999b8700000000000000000000000000000000000000000000000000000000000000000000000000000000000000000000000000000000000000000000000000000000, args=[0, 0]] testZeroTransferToZeroShouldRevert(uint256,uint256) (runs: 0, μ: 0, ~: 0)
Test result: FAILED. 66 passed; 42 failed; 21 skipped; finished in 3.00s
Ran 1 test suites: 66 tests passed, 42 failed, 21 skipped (129 total tests)
