
Running 116 tests for test/golden/XMPLTest.t.sol:XMPLTest
[PASS] testAssetDoesNotRevert() (gas: 8294)
[PASS] testConvertToAssetsDoesNotRevertWhenNoIntOverflow(uint256) (runs: 256, μ: 20422, ~: 20422)
[PASS] testConvertToAssetsIntOverflowLimitFollowsSolmate() (gas: 22333)
[PASS] testConvertToAssetsNoVariationOnCaller(uint256,uint256,uint256) (runs: 256, μ: 596911, ~: 609525)
[PASS] testConvertToAssetsSharesDesirable(uint256) (runs: 256, μ: 23098, ~: 23098)
[PASS] testConvertToAssetsZeroAmountIsPossible() (gas: 18312)
[PASS] testConvertToAssetsZeroAmountReturnsZero() (gas: 12300)
[PASS] testConvertToSharesAssetsDesirable(uint256) (runs: 256, μ: 23272, ~: 23272)
[PASS] testConvertToSharesDoesNotRevertWhenNoIntOverflow(uint256) (runs: 256, μ: 20164, ~: 20164)
[PASS] testConvertToSharesIntOverflowLimitFollowsSolmate() (gas: 21274)
[PASS] testConvertToSharesNoVariationOnCaller(uint256,uint256,uint256) (runs: 256, μ: 449153, ~: 449165)
[PASS] testConvertToSharesZeroAmountIsPossible() (gas: 18339)
[PASS] testConvertToSharesZeroAmountReturnsZero() (gas: 12269)
[PASS] testDealIntendedAssetsToDummyUsers(uint256,uint256) (runs: 256, μ: 435454, ~: 435469)
[PASS] testDealIntendedSharesToDummyUsers(uint256,uint256) (runs: 256, μ: 581316, ~: 602024)
[PASS] testDecimalsCallable() (gas: 6143)
[PASS] testDepositDecreaseAllowanceCallerVaultAsExpected(uint256,uint256) (runs: 256, μ: 534117, ~: 534125)
[PASS] testDepositDecreaseCallerAssetsAsExpected(uint256) (runs: 256, μ: 534834, ~: 534844)
[PASS] testDepositEmitDepositEvent(uint256,uint256) (runs: 256, μ: 530560, ~: 530567)
[PASS] testDepositFailsIfInsufficientAssetsAllowanceToVault(uint256,uint256) (runs: 256, μ: 526886, ~: 526898)
[PASS] testDepositIncreaseReceiverSharesAsExpected(uint256) (runs: 256, μ: 534960, ~: 534970)
[PASS] testDepositIncreaseTotalAssetsAsExpected(uint256) (runs: 256, μ: 534601, ~: 534611)
[PASS] testDepositIncreaseTotalSharesAsExpected(uint256) (runs: 256, μ: 534401, ~: 534411)
[PASS] testDepositRedeemDesirable(uint256) (runs: 256, μ: 570148, ~: 570155)
[PASS] testDepositRevertsWhenAssetsGtMaxDeposit(uint256,uint256,uint256) (runs: 256, μ: 659228, ~: 667692)
[PASS] testDepositSupportsEIP20ApproveTransferFromAssets(uint256,uint256) (runs: 256, μ: 528606, ~: 528614)
[PASS] testDepositWithdrawDesirable(uint256) (runs: 256, μ: 539583, ~: 539591)
[FAIL. Reason: Assertion failed.] testDepositZeroAmountIsPossible() (gas: 31781)
[PASS] testDepositZeroAmountReturnsZero() (gas: 46890)
[PASS] testMaxDepositDoesNotRevert() (gas: 8599)
[PASS] testMaxDepositNotHigherThanActualMax(uint256,uint256) (runs: 256, μ: 443577, ~: 443592)
[PASS] testMaxDepositNotRelyBalanceOfAssets(uint256,uint256) (runs: 256, μ: 444425, ~: 444443)
[PASS] testMaxDepositReturnMaxUint256IfNoLimit() (gas: 10050)
[PASS] testMaxMintDoesNotRevert() (gas: 8600)
[PASS] testMaxMintNotHigherThanActualMax(uint256,uint256) (runs: 256, μ: 446916, ~: 446932)
[PASS] testMaxMintNotRelyBalanceOfAssets(uint256,uint256) (runs: 256, μ: 444437, ~: 444455)
[PASS] testMaxMintReturnMaxUint256IfNoLimit() (gas: 9985)
[PASS] testMaxRedeemDoesNotRevert() (gas: 10746)
[PASS] testMaxRedeemEqBalanceOfShares(uint256) (runs: 256, μ: 356121, ~: 356131)
[PASS] testMaxRedeemNotHigherThanActualMax(uint256,uint256) (runs: 256, μ: 400978, ~: 400983)
[PASS] testMaxWithdrawDoesNotRevert() (gas: 17422)
[PASS] testMaxWithdrawEqConvertToAssetsOfBalanceOfShares(uint256) (runs: 256, μ: 360641, ~: 360649)
[PASS] testMaxWithdrawNotHigherThanActualMax(uint256,uint256) (runs: 256, μ: 407280, ~: 407288)
[PASS] testMintDecreaseAllowanceCallerVaultAsExpected(uint256,uint256) (runs: 256, μ: 536240, ~: 536249)
[PASS] testMintDecreaseCallerAssetsAsExpected(uint256,uint256) (runs: 256, μ: 536917, ~: 536927)
[PASS] testMintEmitDepositEvent(uint256,uint256) (runs: 256, μ: 531267, ~: 531276)
[PASS] testMintFailsIfInsufficientAssetsAllowanceToVault(uint256,uint256,uint256) (runs: 256, μ: 526083, ~: 527584)
[PASS] testMintIncreaseReceiverSharesAsExpected(uint256,uint256) (runs: 256, μ: 537057, ~: 537067)
[PASS] testMintIncreaseTotalAssetsAsExpected(uint256,uint256) (runs: 256, μ: 536683, ~: 536692)
[PASS] testMintIncreaseTotalSharesAsExpected(uint256,uint256) (runs: 256, μ: 536445, ~: 536454)
[PASS] testMintPositiveAmountReturnsGtZero(uint256,uint256) (runs: 256, μ: 529382, ~: 529391)
[PASS] testMintRedeemDesirable(uint256,uint256) (runs: 256, μ: 556461, ~: 556356)
[PASS] testMintRevertsWhenSharesGtMaxMint(uint256,uint256,uint256) (runs: 256, μ: 659491, ~: 667828)
[PASS] testMintSupportsEIP20ApproveTransferFromAssets(uint256,uint256) (runs: 256, μ: 528942, ~: 528951)
[PASS] testMintWithdrawDesirable(uint256,uint256) (runs: 256, μ: 541621, ~: 541627)
[FAIL. Reason: Assertion failed.] testMintZeroAmountIsPossible() (gas: 31899)
[PASS] testNameCallable() (gas: 9571)
[FAIL. Reason: Assertion failed. Counterexample: calldata=0x699622ac0000000000000000000000000000000000000000000000000000000000000001, args=[1]] testNoDiscrepancyConvertToAssetsAndPreviewMint(uint256) (runs: 0, μ: 0, ~: 0)
[PASS] testNoDiscrepancyConvertToAssetsAndPreviewRedeem(uint256) (runs: 256, μ: 21215, ~: 21215)
[PASS] testNoDiscrepancyConvertToSharesAndPreviewDeposit(uint256) (runs: 256, μ: 20986, ~: 20986)
[FAIL. Reason: Assertion failed. Counterexample: calldata=0x4383d2410000000000000000000000000000000000000000000000000000000000000001, args=[1]] testNoDiscrepancyConvertToSharesAndPreviewWithdraw(uint256) (runs: 0, μ: 0, ~: 0)
[PASS] testPreviewDepositIndependentOfCaller(uint256,uint256,uint256) (runs: 256, μ: 451110, ~: 451123)
[PASS] testPreviewDepositSameOrLessThanDeposit(uint256,uint256) (runs: 256, μ: 533018, ~: 533025)
[PASS] testPreviewDepositZeroAmountIsPossible() (gas: 18378)
[PASS] testPreviewDepositZeroAmountReturnsZero() (gas: 12333)
[PASS] testPreviewMintIndependentOfCaller(uint256,uint256,uint256) (runs: 256, μ: 451507, ~: 451523)
[PASS] testPreviewMintPositiveAmountReturnsGtZero(uint256) (runs: 256, μ: 19931, ~: 19931)
[PASS] testPreviewMintSameOrMoreThanMint(uint256,uint256) (runs: 256, μ: 535100, ~: 535109)
[PASS] testPreviewMintZeroAmountIsPossible() (gas: 18594)
[PASS] testPreviewRedeemIndependentOfCaller(uint256,uint256,uint256) (runs: 256, μ: 595934, ~: 609516)
[PASS] testPreviewRedeemSameOrLessThanRedeem(uint256,uint256) (runs: 256, μ: 402118, ~: 402124)
[PASS] testPreviewRedeemZeroAmountIsPossible() (gas: 18339)
[PASS] testPreviewRedeemZeroAmountReturnsZero() (gas: 12255)
[PASS] testPreviewWithdrawIndependentOfCaller(uint256,uint256,uint256) (runs: 256, μ: 596098, ~: 609680)
[PASS] testPreviewWithdrawPositiveAmountReturnsGtZero(uint256) (runs: 256, μ: 19734, ~: 19734)
[PASS] testPreviewWithdrawSameOrMoreThanWithdraw(uint256,uint256) (runs: 256, μ: 407798, ~: 407808)
[PASS] testPreviewWithdrawZeroAmountIsPossible() (gas: 18529)
[PASS] testRedeemDecreaseAllowanceOwnerCallerAsExpected(uint256,uint256) (runs: 256, μ: 425509, ~: 425518)
[PASS] testRedeemDecreaseOwnerSharesAsExpected(uint256) (runs: 256, μ: 426020, ~: 426027)
[PASS] testRedeemDecreaseTotalSharesAsExpected(uint256) (runs: 256, μ: 425459, ~: 425466)
[PASS] testRedeemDepositDesirable(uint256) (runs: 256, μ: 459765, ~: 459772)
[PASS] testRedeemEmitWithdrawEvent(uint256,uint256) (runs: 256, μ: 399765, ~: 399771)
[PASS] testRedeemIncreaseReceiverAssetsAsExpected(uint256) (runs: 256, μ: 425911, ~: 425918)
[PASS] testRedeemMintDesirable(uint256) (runs: 256, μ: 452306, ~: 452312)
[PASS] testRedeemRevertsWhenSharesGtMaxRedeem(uint256,uint256) (runs: 256, μ: 364695, ~: 364702)
[PASS] testRedeemSenderCanSpendBelowSharesAllowance(uint256,uint256) (runs: 256, μ: 420945, ~: 420950)
[PASS] testRedeemSenderCannotSpendAboveSharesAllowance(uint256,uint256) (runs: 256, μ: 386949, ~: 386949)
[PASS] testRedeemSupportsBurnSharesFromOwnerWhereOwnerApprovesMsgSender(uint256,uint256) (runs: 256, μ: 428811, ~: 428816)
[PASS] testRedeemSupportsBurnSharesFromOwnerWhereOwnerIsMsgSender(uint256,uint256) (runs: 256, μ: 405219, ~: 405225)
[FAIL. Reason: Assertion failed.] testRedeemZeroAmountIsPossible() (gas: 31941)
[PASS] testRedeemZeroAmountReturnsZero() (gas: 33682)
[PASS] testSharesIsTransferAble(uint256) (runs: 256, μ: 376411, ~: 376421)
[PASS] testSharesIsTransferFromAble(uint256) (runs: 256, μ: 403481, ~: 403491)
[PASS] testSymbolCallable() (gas: 9571)
[PASS] testTotalAssetsDoesNotRevert() (gas: 10336)
[PASS] testTotalAssetsGtTotalSupply() (gas: 12802)
[FAIL. Reason: Assertion failed.] testTotalAssetsGtVaultAssetsBalance() (gas: 35332)
[PASS] testTotalAssetsGtZero() (gas: 9850)
[FAIL. Reason: Assertion failed.] testTotalAssetsLtTotalSupply() (gas: 30586)
[PASS] testTotalAssetsLtVaultAssetsBalance() (gas: 17549)
[PASS] testTotalSupplyGtZero() (gas: 7705)
[PASS] testVaultDecimalsGeAssetDecimals() (gas: 14288)
[PASS] testWithdrawDecreaseAllowanceOwnerCallerAsExpected(uint256,uint256) (runs: 256, μ: 430786, ~: 430794)
[PASS] testWithdrawDecreaseOwnerSharesAsExpected(uint256,uint256) (runs: 256, μ: 431629, ~: 431637)
[PASS] testWithdrawDecreaseTotalSharesAsExpected(uint256,uint256) (runs: 256, μ: 431035, ~: 431043)
[PASS] testWithdrawDepositDesirable(uint256,uint256) (runs: 256, μ: 445815, ~: 445183)
[PASS] testWithdrawEmitWithdrawEvent(uint256,uint256) (runs: 256, μ: 402232, ~: 402241)
[PASS] testWithdrawIncreaseReceiverAssetsAsExpected(uint256,uint256) (runs: 256, μ: 431485, ~: 431493)
[PASS] testWithdrawMintDesirable(uint256,uint256) (runs: 256, μ: 436974, ~: 436271)
[PASS] testWithdrawPositiveAmountReturnsGtZero(uint256,uint256) (runs: 256, μ: 395398, ~: 395408)
[PASS] testWithdrawRevertsWhenAssetsGtMaxWithdraw(uint256,uint256) (runs: 256, μ: 365789, ~: 365798)
[PASS] testWithdrawSenderCanSpendBelowSharesAllowance(uint256,uint256) (runs: 256, μ: 423128, ~: 423136)
[PASS] testWithdrawSenderCannotSpendAboveSharesAllowance(uint256,uint256,uint256) (runs: 256, μ: 388674, ~: 389668)
[PASS] testWithdrawSupportsBurnSharesFromOwnerWhereOwnerApprovesMsgSender(uint256,uint256) (runs: 256, μ: 435408, ~: 435416)
[PASS] testWithdrawSupportsBurnSharesFromOwnerWhereOwnerIsMsgSender(uint256,uint256) (runs: 256, μ: 410850, ~: 410860)
[FAIL. Reason: Assertion failed.] testWithdrawZeroAmountIsPossible() (gas: 32224)
Test result: FAILED. 108 passed; 8 failed; 0 skipped; finished in 3.46s
Ran 1 test suites: 108 tests passed, 8 failed, 0 skipped (116 total tests)
